 libcurld

 Timestamp is 4e794783 (Wed Sep 21 10:10:11 2011)

 Preferred load address is 10000000

 Start         Length     Name                   Class
 0001:00000000 0004986aH .text                   CODE
 0002:00000000 000002a4H .idata$5                DATA
 0002:000002a4 00000004H .CRT$XCA                DATA
 0002:000002a8 00000004H .CRT$XCZ                DATA
 0002:000002ac 00000004H .CRT$XIA                DATA
 0002:000002b0 00000004H .CRT$XIAA               DATA
 0002:000002b4 00000004H .CRT$XIC                DATA
 0002:000002b8 00000004H .CRT$XIZ                DATA
 0002:000002c0 00001340H .rdata                  DATA
 0002:00001600 00000042H .rdata$debug            DATA
 0002:00001650 00000004H .rdata$sxdata           DATA
 0002:00001654 00000004H .rtc$IAA                DATA
 0002:00001658 0000010cH .rtc$IMZ                DATA
 0002:00001764 00000004H .rtc$IZZ                DATA
 0002:00001768 00000004H .rtc$TAA                DATA
 0002:0000176c 0000010cH .rtc$TMZ                DATA
 0002:00001878 00000004H .rtc$TZZ                DATA
 0002:00001880 000000c4H .xdata$x                DATA
 0002:00001944 00000050H .idata$2                DATA
 0002:00001994 00000014H .idata$3                DATA
 0002:000019a8 000002a4H .idata$4                DATA
 0002:00001c4c 00000746H .idata$6                DATA
 0002:000023a0 0000064aH .edata                  DATA
 0003:00000000 00006eccH .data                   DATA
 0003:00006ed0 000004b4H .bss                    DATA
 0004:00000000 00000058H .rsrc$01                DATA
 0004:00000060 000003a8H .rsrc$02                DATA

  Address         Publics by Value              Rva+Base       Lib:Object

 0000:00000000       __except_list              00000000     <absolute>
 0000:00000001       ___safe_se_handler_count   00000001     <absolute>
 0000:00009876       __ldused                   00009876     <absolute>
 0000:00009876       __fltused                  00009876     <absolute>
 0000:00000000       ___ImageBase               10000000     <linker-defined>
 0001:00000000       _Curl_resolver_global_init 10001000 f   asyn-thread.obj
 0001:00000010       _Curl_resolver_global_cleanup 10001010 f   asyn-thread.obj
 0001:00000020       _Curl_resolver_init        10001020 f   asyn-thread.obj
 0001:00000030       _Curl_resolver_cleanup     10001030 f   asyn-thread.obj
 0001:00000040       _Curl_resolver_duphandle   10001040 f   asyn-thread.obj
 0001:00000050       _Curl_resolver_cancel      10001050 f   asyn-thread.obj
 0001:000001c0       _Curl_resolver_wait_resolv 100011c0 f   asyn-thread.obj
 0001:00000390       _Curl_resolver_is_resolved 10001390 f   asyn-thread.obj
 0001:00000520       _Curl_resolver_getsock     10001520 f   asyn-thread.obj
 0001:00000570       _Curl_resolver_getaddrinfo 10001570 f   asyn-thread.obj
 0001:00000ae0       _Curl_base64_decode        10001ae0 f   base64.obj
 0001:00000dd0       _Curl_base64_encode        10001dd0 f   base64.obj
 0001:000010a0       _Curl_timeleft             100020a0 f   connect.obj
 0001:00001200       _Curl_persistconninfo      10002200 f   connect.obj
 0001:00001280       _Curl_updateconninfo       10002280 f   connect.obj
 0001:00001580       _Curl_is_connected         10002580 f   connect.obj
 0001:00001b40       _Curl_sndbufset            10002b40 f   connect.obj
 0001:00002990       _Curl_connecthost          10003990 f   connect.obj
 0001:00002bc0       _Curl_getconnectinfo       10003bc0 f   connect.obj
 0001:00002cd0       _Curl_closesocket          10003cd0 f   connect.obj
 0001:00002d30       _Curl_cookie_loadfiles     10003d30 f   cookie.obj
 0001:00002de0       _Curl_cookie_add           10003de0 f   cookie.obj
 0001:00004270       _Curl_cookie_init          10005270 f   cookie.obj
 0001:000044d0       _Curl_cookie_getlist       100054d0 f   cookie.obj
 0001:00004860       _Curl_cookie_clearall      10005860 f   cookie.obj
 0001:000048a0       _Curl_cookie_freelist      100058a0 f   cookie.obj
 0001:00004910       _Curl_cookie_clearsess     10005910 f   cookie.obj
 0001:000049f0       _Curl_cookie_cleanup       100059f0 f   cookie.obj
 0001:00004a80       _Curl_cookie_list          10005a80 f   cookie.obj
 0001:00004cb0       _Curl_flush_cookies        10005cb0 f   cookie.obj
 0001:00004f30       _Curl_freeaddrinfo         10005f30 f   curl_addrinfo.obj
 0001:00004fd0       _Curl_getaddrinfo_ex       10005fd0 f   curl_addrinfo.obj
 0001:000052a0       _Curl_he2ai                100062a0 f   curl_addrinfo.obj
 0001:000054c0       _Curl_ip2addr              100064c0 f   curl_addrinfo.obj
 0001:00005650       _Curl_str2addr             10006650 f   curl_addrinfo.obj
 0001:000056e0       _Curl_fnmatch              100066e0 f   curl_fnmatch.obj
 0001:000065c0       _Curl_gethostname          100075c0 f   curl_gethostname.obj
 0001:000065f0       _Curl_memrchr              100075f0 f   curl_memrchr.obj
 0001:00006650       _Curl_rand                 10007650 f   curl_rand.obj
 0001:000066a0       _Curl_srand                100076a0 f   curl_rand.obj
 0001:00006700       _Curl_thread_create        10007700 f   curl_threads.obj
 0001:00006760       _Curl_thread_destroy       10007760 f   curl_threads.obj
 0001:00006790       _Curl_thread_join          10007790 f   curl_threads.obj
 0001:00006e10       _curl_global_init          10007e10 f   easy.obj
 0001:00006ff0       _curl_global_init_mem      10007ff0 f   easy.obj
 0001:00007090       _curl_global_cleanup       10008090 f   easy.obj
 0001:00007110       _curl_easy_init            10008110 f   easy.obj
 0001:000071b0       _curl_easy_setopt          100081b0 f   easy.obj
 0001:00007220       _curl_easy_perform         10008220 f   easy.obj
 0001:00007340       _curl_easy_cleanup         10008340 f   easy.obj
 0001:00007380       _Curl_easy_addmulti        10008380 f   easy.obj
 0001:000073b0       _Curl_easy_initHandleData  100083b0 f   easy.obj
 0001:000073f0       _curl_easy_getinfo         100083f0 f   easy.obj
 0001:00007450       _curl_easy_duphandle       10008450 f   easy.obj
 0001:000077a0       _curl_easy_reset           100087a0 f   easy.obj
 0001:000078c0       _curl_easy_pause           100088c0 f   easy.obj
 0001:00007ac0       _curl_easy_recv            10008ac0 f   easy.obj
 0001:00007c20       _curl_easy_send            10008c20 f   easy.obj
 0001:00007d10       _curl_escape               10008d10 f   escape.obj
 0001:00007d30       _curl_unescape             10008d30 f   escape.obj
 0001:00007d50       _curl_easy_escape          10008d50 f   escape.obj
 0001:00007f90       _curl_easy_unescape        10008f90 f   escape.obj
 0001:00008170       _curl_free                 10009170 f   escape.obj
 0001:000091f0       _Curl_fileinfo_alloc       1000a1f0 f   fileinfo.obj
 0001:00009240       _Curl_fileinfo_dtor        1000a240 f   fileinfo.obj
 0001:000092b0       _curl_formadd              1000a2b0 f   formdata.obj
 0001:0000a0b0       _Curl_formclean            1000b0b0 f   formdata.obj
 0001:0000a140       _curl_formget              1000b140 f   formdata.obj
 0001:0000a340       _curl_formfree             1000b340 f   formdata.obj
 0001:0000a450       _Curl_getformdata          1000b450 f   formdata.obj
 0001:0000b010       _Curl_FormInit             1000c010 f   formdata.obj
 0001:0000b180       _Curl_FormReader           1000c180 f   formdata.obj
 0001:0000b2d0       _Curl_formpostheader       1000c2d0 f   formdata.obj
 0001:0000b330       _Curl_FormBoundary         1000c330 f   formdata.obj
 0001:0000b3d0       _Curl_GetFTPResponse       1000c3d0 f   ftp.obj
 0001:00011860       _Curl_ftpsendf             10012860 f   ftp.obj
 0001:000126c0       _Curl_ftp_parselist_data_alloc 100136c0 f   ftplistparser.obj
 0001:000126f0       _Curl_ftp_parselist_data_free 100136f0 f   ftplistparser.obj
 0001:00012730       _Curl_ftp_parselist_geterror 10013730 f   ftplistparser.obj
 0001:00012740       _Curl_ftp_parselist        10013740 f   ftplistparser.obj
 0001:00014440       _curl_getenv               10015440 f   getenv.obj
 0001:00014560       _Curl_initinfo             10015560 f   getinfo.obj
 0001:00014660       _Curl_getinfo              10015660 f   getinfo.obj
 0001:00015010       _Curl_hash_init            10016010 f   hash.obj
 0001:000151e0       _Curl_hash_alloc           100161e0 f   hash.obj
 0001:00015280       _Curl_hash_add             10016280 f   hash.obj
 0001:00015480       _Curl_hash_delete          10016480 f   hash.obj
 0001:00015550       _Curl_hash_pick            10016550 f   hash.obj
 0001:00015610       _Curl_hash_clean           10016610 f   hash.obj
 0001:00015690       _Curl_hash_clean_with_criterium 10016690 f   hash.obj
 0001:00015760       _Curl_hash_destroy         10016760 f   hash.obj
 0001:000157a0       _Curl_hash_str             100167a0 f   hash.obj
 0001:00015810       _Curl_str_key_compare      10016810 f   hash.obj
 0001:00015880       _Curl_HMAC_init            10016880 f   hmac.obj
 0001:00015ae0       _Curl_HMAC_update          10016ae0 f   hmac.obj
 0001:00015b20       _Curl_HMAC_final           10016b20 f   hmac.obj
 0001:00015be0       _Curl_addrinfo_callback    10016be0 f   hostasyn.obj
 0001:00015cd0       _Curl_async_resolved       10016cd0 f   hostasyn.obj
 0001:00015d40       _Curl_getaddrinfo          10016d40 f   hostasyn.obj
 0001:00015d70       _Curl_ipvalid              10016d70 f   hostip4.obj
 0001:00015d90       _Curl_ipv4_resolve_r       10016d90 f   hostip4.obj
 0001:00015f10       _Curl_global_host_cache_init 10016f10 f   hostip.obj
 0001:00015f80       _Curl_global_host_cache_dtor 10016f80 f   hostip.obj
 0001:00015fb0       _Curl_num_addresses        10016fb0 f   hostip.obj
 0001:00015ff0       _Curl_printable_address    10016ff0 f   hostip.obj
 0001:00016060       _Curl_hostcache_prune      10017060 f   hostip.obj
 0001:00016250       _Curl_cache_addr           10017250 f   hostip.obj
 0001:000163e0       _Curl_resolv               100173e0 f   hostip.obj
 0001:00016700       _Curl_resolv_timeout       10017700 f   hostip.obj
 0001:00016750       _Curl_resolv_unlock        10017750 f   hostip.obj
 0001:00016850       _Curl_mk_dnscache          10017850 f   hostip.obj
 0001:00016880       _Curl_checkheaders         10017880 f   http.obj
 0001:00016900       _Curl_http_auth_act        10017900 f   http.obj
 0001:00016f00       _Curl_http_output_auth     10017f00 f   http.obj
 0001:00017430       _Curl_http_input_auth      10018430 f   http.obj
 0001:00017700       _Curl_add_buffer_init      10018700 f   http.obj
 0001:00017730       _Curl_add_buffer_send      10018730 f   http.obj
 0001:00017c00       _Curl_add_bufferf          10018c00 f   http.obj
 0001:00017cd0       _Curl_add_buffer           10018cd0 f   http.obj
 0001:00017e70       _Curl_compareheader        10018e70 f   http.obj
 0001:00017fc0       _Curl_http_connect         10018fc0 f   http.obj
 0001:000180d0       _Curl_http_done            100190d0 f   http.obj
 0001:000182b0       _Curl_add_custom_headers   100192b0 f   http.obj
 0001:00018470       _Curl_add_timecondition    10019470 f   http.obj
 0001:00018600       _Curl_http                 10019600 f   http.obj
 0001:0001aa40       _Curl_http_readwrite_headers 1001ba40 f   http.obj
 0001:0001c2e0       _Curl_httpchunk_init       1001d2e0 f   http_chunks.obj
 0001:0001c320       _Curl_httpchunk_read       1001d320 f   http_chunks.obj
 0001:0001c9d0       _Curl_input_digest         1001d9d0 f   http_digest.obj
 0001:0001d160       _Curl_output_digest        1001e160 f   http_digest.obj
 0001:0001dc20       _Curl_digest_cleanup       1001ec20 f   http_digest.obj
 0001:0001dc50       _Curl_proxyCONNECT         1001ec50 f   http_proxy.obj
 0001:0001e8e0       _Curl_if2ip                1001f8e0 f   if2ip.obj
 0001:0001fcf0       _Curl_inet_ntop            10020cf0 f   inet_ntop.obj
 0001:0001fe60       _Curl_inet_pton            10020e60 f   inet_pton.obj
 0001:000211a0       _Curl_llist_alloc          100221a0 f   llist.obj
 0001:00021220       _Curl_llist_insert_next    10022220 f   llist.obj
 0001:00021330       _Curl_llist_remove         10022330 f   llist.obj
 0001:00021410       _Curl_llist_destroy        10022410 f   llist.obj
 0001:00021460       _Curl_llist_count          10022460 f   llist.obj
 0001:00021470       _Curl_llist_move           10022470 f   llist.obj
 0001:000227d0       _Curl_md5it                100237d0 f   md5.obj
 0001:00022870       _curl_mvsnprintf           10023870 f   mprintf.obj
 0001:00024850       _curl_msnprintf            10025850 f   mprintf.obj
 0001:000248a0       _curl_maprintf             100258a0 f   mprintf.obj
 0001:00024ab0       _curl_mvaprintf            10025ab0 f   mprintf.obj
 0001:00024ba0       _curl_msprintf             10025ba0 f   mprintf.obj
 0001:00024c40       _curl_mprintf              10025c40 f   mprintf.obj
 0001:00024ca0       _curl_mfprintf             10025ca0 f   mprintf.obj
 0001:00024cf0       _curl_mvsprintf            10025cf0 f   mprintf.obj
 0001:00024d30       _curl_mvprintf             10025d30 f   mprintf.obj
 0001:00024d70       _curl_mvfprintf            10025d70 f   mprintf.obj
 0001:00024da0       _curl_multi_init           10025da0 f   multi.obj
 0001:00024fa0       _curl_multi_add_handle     10025fa0 f   multi.obj
 0001:00025360       _curl_multi_remove_handle  10026360 f   multi.obj
 0001:000256d0       _Curl_multi_canPipeline    100266d0 f   multi.obj
 0001:000256e0       _Curl_multi_handlePipeBreak 100266e0 f   multi.obj
 0001:00025710       _curl_multi_fdset          10026710 f   multi.obj
 0001:00025ae0       _curl_multi_perform        10026ae0 f   multi.obj
 0001:00027100       _curl_multi_cleanup        10028100 f   multi.obj
 0001:00027330       _curl_multi_info_read      10028330 f   multi.obj
 0001:000279e0       _curl_multi_setopt         100289e0 f   multi.obj
 0001:00027b20       _curl_multi_socket         10028b20 f   multi.obj
 0001:00027ee0       _curl_multi_socket_action  10028ee0 f   multi.obj
 0001:00027f30       _curl_multi_socket_all     10028f30 f   multi.obj
 0001:00027f80       _curl_multi_timeout        10028f80 f   multi.obj
 0001:00028710       _Curl_expire               10029710 f   multi.obj
 0001:00028a80       _curl_multi_assign         10029a80 f   multi.obj
 0001:00028d60       _Curl_parsenetrc           10029d60 f   netrc.obj
 0001:00029140       _curlx_nonblock            1002a140 f   nonblock.obj
 0001:000291c0       _curl_getdate              1002a1c0 f   parsedate.obj
 0001:00029c70       _Curl_gmtime               1002ac70 f   parsedate.obj
 0001:00029cf0       _Curl_pp_state_timeout     1002acf0 f   pingpong.obj
 0001:00029de0       _Curl_pp_multi_statemach   1002ade0 f   pingpong.obj
 0001:00029ef0       _Curl_pp_easy_statemach    1002aef0 f   pingpong.obj
 0001:0002a050       _Curl_pp_init              1002b050 f   pingpong.obj
 0001:0002a0b0       _Curl_pp_vsendf            1002b0b0 f   pingpong.obj
 0001:0002a2d0       _Curl_pp_sendf             1002b2d0 f   pingpong.obj
 0001:0002a320       _Curl_pp_readresp          1002b320 f   pingpong.obj
 0001:0002a770       _Curl_pp_getsock           1002b770 f   pingpong.obj
 0001:0002a7c0       _Curl_pp_flushsend         1002b7c0 f   pingpong.obj
 0001:0002a8e0       _Curl_pp_disconnect        1002b8e0 f   pingpong.obj
 0001:0002bba0       _Curl_pop3_write           1002cba0 f   pop3.obj
 0001:0002bd00       _Curl_pgrsDone             1002cd00 f   progress.obj
 0001:0002bd80       _Curl_pgrsResetTimes       1002cd80 f   progress.obj
 0001:0002bdc0       _Curl_pgrsTime             1002cdc0 f   progress.obj
 0001:0002bf50       _Curl_pgrsStartNow         1002cf50 f   progress.obj
 0001:0002bfa0       _Curl_pgrsSetDownloadCounter 1002cfa0 f   progress.obj
 0001:0002bfc0       _Curl_pgrsSetUploadCounter 1002cfc0 f   progress.obj
 0001:0002bfe0       _Curl_pgrsSetDownloadSize  1002cfe0 f   progress.obj
 0001:0002c040       _Curl_pgrsSetUploadSize    1002d040 f   progress.obj
 0001:0002c0a0       _Curl_pgrsUpdate           1002d0a0 f   progress.obj
 0001:0002d210       _Curl_raw_toupper          1002e210 f   rawstr.obj
 0001:0002d320       _Curl_raw_equal            1002e320 f   rawstr.obj
 0001:0002d3b0       _Curl_raw_nequal           1002e3b0 f   rawstr.obj
 0001:0002d460       _Curl_strntoupper          1002e460 f   rawstr.obj
 0001:0002d4f0       _Curl_rtsp_connisdead      1002e4f0 f   rtsp.obj
 0001:0002e760       _Curl_rtsp_parseheader     1002f760 f   rtsp.obj
 0001:0002eab0       _Curl_wait_ms              1002fab0 f   select.obj
 0001:0002eb20       _Curl_socket_ready         1002fb20 f   select.obj
 0001:0002f060       _Curl_poll                 10030060 f   select.obj
 0001:0002f6e0       _Curl_infof                100306e0 f   sendf.obj
 0001:0002f7c0       _Curl_failf                100307c0 f   sendf.obj
 0001:0002f8d0       _Curl_sendf                100308d0 f   sendf.obj
 0001:0002fa20       _Curl_write                10030a20 f   sendf.obj
 0001:0002fb10       _Curl_send_plain           10030b10 f   sendf.obj
 0001:0002fbf0       _Curl_write_plain          10030bf0 f   sendf.obj
 0001:0002fc90       _Curl_recv_plain           10030c90 f   sendf.obj
 0001:0002fd60       _Curl_client_write         10030d60 f   sendf.obj
 0001:000300a0       _Curl_read_plain           100310a0 f   sendf.obj
 0001:00030120       _Curl_read                 10031120 f   sendf.obj
 0001:000303b0       _Curl_debug                100313b0 f   sendf.obj
 0001:00030620       _curl_share_init           10031620 f   share.obj
 0001:00030670       _curl_share_setopt         10031670 f   share.obj
 0001:000308b0       _curl_share_cleanup        100318b0 f   share.obj
 0001:000309c0       _Curl_share_lock           100319c0 f   share.obj
 0001:00030a40       _Curl_share_unlock         10031a40 f   share.obj
 0001:00030ab0       _curl_slist_append         10031ab0 f   slist.obj
 0001:00030bc0       _Curl_slist_duplicate      10031bc0 f   slist.obj
 0001:00030c30       _curl_slist_free_all       10031c30 f   slist.obj
 0001:00033150       _Curl_smtp_escape_eob      10034150 f   smtp.obj
 0001:00033330       _Curl_blockread_all        10034330 f   socks.obj
 0001:00033460       _Curl_SOCKS4               10034460 f   socks.obj
 0001:00033b60       _Curl_SOCKS5               10034b60 f   socks.obj
 0001:000346c0       _Curl_speedinit            100356c0 f   speedcheck.obj
 0001:000346f0       _Curl_speedcheck           100356f0 f   speedcheck.obj
 0001:00034870       _Curl_splay                10035870 f   splay.obj
 0001:00034b00       _Curl_splayinsert          10035b00 f   splay.obj
 0001:00034cf0       _Curl_splaygetbest         10035cf0 f   splay.obj
 0001:00034ee0       _Curl_splayremovebyaddr    10035ee0 f   splay.obj
 0001:00035080       _Curl_ssl_config_matches   10036080 f   sslgen.obj
 0001:000351b0       _Curl_clone_ssl_config     100361b0 f   sslgen.obj
 0001:00035340       _Curl_free_ssl_config      10036340 f   sslgen.obj
 0001:00035410       _curl_strequal             10036410 f   strequal.obj
 0001:00035440       _curl_strnequal            10036440 f   strequal.obj
 0001:00035480       _Curl_strlcat              10036480 f   strequal.obj
 0001:000355a0       _curl_easy_strerror        100365a0 f   strerror.obj
 0001:00035a00       _curl_multi_strerror       10036a00 f   strerror.obj
 0001:00035a90       _curl_share_strerror       10036a90 f   strerror.obj
 0001:00035b00       _Curl_strerror             10036b00 f   strerror.obj
 0001:000360c0       _Curl_strtok_r             100370c0 f   strtok.obj
 0001:0003b530       _curlx_tvnow               1003c530 f   timeval.obj
 0001:0003b5c0       _curlx_tvdiff              1003c5c0 f   timeval.obj
 0001:0003b5f0       _curlx_tvdiff_secs         1003c5f0 f   timeval.obj
 0001:0003b630       _Curl_tvlong               1003c630 f   timeval.obj
 0001:0003b640       _Curl_fillreadbuffer       1003c640 f   transfer.obj
 0001:0003b8d0       _Curl_readrewind           1003c8d0 f   transfer.obj
 0001:0003ba70       _Curl_meets_timecondition  1003ca70 f   transfer.obj
 0001:0003bb70       _Curl_readwrite            1003cb70 f   transfer.obj
 0001:0003d0c0       _Curl_single_getsock       1003e0c0 f   transfer.obj
 0001:0003d200       _Curl_sleep_time           1003e200 f   transfer.obj
 0001:0003d370       _Curl_pretransfer          1003e370 f   transfer.obj
 0001:0003d730       _Curl_posttransfer         1003e730 f   transfer.obj
 0001:0003d740       _Curl_follow               1003e740 f   transfer.obj
 0001:0003e050       _Curl_reconnect_request    1003f050 f   transfer.obj
 0001:0003e1a0       _Curl_retry_request        1003f1a0 f   transfer.obj
 0001:0003e2f0       _Curl_perform              1003f2f0 f   transfer.obj
 0001:0003ed50       _Curl_setup_transfer       1003fd50 f   transfer.obj
 0001:0003ef10       _Curl_freeset              1003ff10 f   url.obj
 0001:0003ef80       _Curl_dupset               1003ff80 f   url.obj
 0001:0003f0a0       _Curl_close                100400a0 f   url.obj
 0001:0003f420       _Curl_mk_connc             10040420 f   url.obj
 0001:0003f510       _Curl_ch_connc             10040510 f   url.obj
 0001:0003f670       _Curl_rm_connc             10040670 f   url.obj
 0001:0003f700       _Curl_init_userdefined     10040700 f   url.obj
 0001:0003f940       _Curl_open                 10040940 f   url.obj
 0001:0003fb30       _Curl_setopt               10040b30 f   url.obj
 0001:00042810       _Curl_disconnect           10043810 f   url.obj
 0001:00042a60       _Curl_isPipeliningEnabled  10043a60 f   url.obj
 0001:00042aa0       _Curl_addHandleToPipeline  10043aa0 f   url.obj
 0001:00042ad0       _Curl_removeHandleFromPipeline 10043ad0 f   url.obj
 0001:00042b30       _Curl_getoff_all_pipelines 10043b30 f   url.obj
 0001:00042e60       _Curl_connected_proxy      10043e60 f   url.obj
 0001:00042f50       _Curl_verboseconnect       10043f50 f   url.obj
 0001:00042fd0       _Curl_protocol_getsock     10043fd0 f   url.obj
 0001:00043020       _Curl_doing_getsock        10044020 f   url.obj
 0001:00043070       _Curl_protocol_connecting  10044070 f   url.obj
 0001:000430f0       _Curl_protocol_doing       100440f0 f   url.obj
 0001:00043170       _Curl_protocol_connect     10044170 f   url.obj
 0001:00043280       _Curl_setup_conn           10044280 f   url.obj
 0001:00043620       _Curl_connect              10044620 f   url.obj
 0001:00046c30       _Curl_done                 10047c30 f   url.obj
 0001:00046ec0       _Curl_do                   10047ec0 f   url.obj
 0001:00047190       _Curl_do_more              10048190 f   url.obj
 0001:00047200       _Curl_reset_reqproto       10048200 f   url.obj
 0001:00047280       _curl_version              10048280 f   version.obj
 0001:00047330       _curl_version_info         10048330 f   version.obj
 0001:00047340       _curlx_ultous              10048340 f   warnless.obj
 0001:00047350       _curlx_ultouc              10048350 f   warnless.obj
 0001:00047360       _curlx_uztosi              10048360 f   warnless.obj
 0001:00047370       _curlx_sltosi              10048370 f   warnless.obj
 0001:00047390       _curlx_sltoui              10048390 f   warnless.obj
 0001:000473a0       _curlx_sltous              100483a0 f   warnless.obj
 0001:000473c0       _curlx_uztosz              100483c0 f   warnless.obj
 0001:000473d0       _curlx_sotouz              100483d0 f   warnless.obj
 0001:000473f0       _curlx_sitouz              100483f0 f   warnless.obj
 0001:00047400       _Curl_wildcard_init        10048400 f   wildcard.obj
 0001:00047440       _Curl_wildcard_dtor        10048440 f   wildcard.obj
 0001:00047524       _closesocket@4             10048524 f   ws2_32:WS2_32.dll
 0001:0004752a       _WSAGetLastError@0         1004852a f   ws2_32:WS2_32.dll
 0001:00047530       _socket@12                 10048530 f   ws2_32:WS2_32.dll
 0001:00047536       _getsockname@12            10048536 f   ws2_32:WS2_32.dll
 0001:0004753c       _getpeername@12            1004853c f   ws2_32:WS2_32.dll
 0001:00047542       _ntohs@4                   10048542 f   ws2_32:WS2_32.dll
 0001:00047548       _WSASetLastError@4         10048548 f   ws2_32:WS2_32.dll
 0001:0004754e       _getsockopt@20             1004854e f   ws2_32:WS2_32.dll
 0001:00047554       _setsockopt@20             10048554 f   ws2_32:WS2_32.dll
 0001:0004755a       _connect@12                1004855a f   ws2_32:WS2_32.dll
 0001:00047560       _bind@12                   10048560 f   ws2_32:WS2_32.dll
 0001:00047566       _htons@4                   10048566 f   ws2_32:WS2_32.dll
 0001:0004756c       _recv@16                   1004856c f   ws2_32:WS2_32.dll
 0001:00047572       _freeaddrinfo@4            10048572 f   ws2_32:WS2_32.dll
 0001:00047578       _getaddrinfo@16            10048578 f   ws2_32:WS2_32.dll
 0001:0004757e       _gethostname@8             1004857e f   ws2_32:WS2_32.dll
 0001:00047584       _WSACleanup@0              10048584 f   ws2_32:WS2_32.dll
 0001:0004758a       _WSAStartup@8              1004858a f   ws2_32:WS2_32.dll
 0001:00047590       _listen@8                  10048590 f   ws2_32:WS2_32.dll
 0001:00047596       _accept@12                 10048596 f   ws2_32:WS2_32.dll
 0001:0004759c       _ioctlsocket@12            1004859c f   ws2_32:WS2_32.dll
 0001:000475a2       ___WSAFDIsSet@8            100485a2 f   ws2_32:WS2_32.dll
 0001:000475a8       _select@20                 100485a8 f   ws2_32:WS2_32.dll
 0001:000475ae       _send@16                   100485ae f   ws2_32:WS2_32.dll
 0001:000475b4       _sendto@24                 100485b4 f   ws2_32:WS2_32.dll
 0001:000475ba       _recvfrom@24               100485ba f   ws2_32:WS2_32.dll
 0001:000475c0       _ldap_unbind_s             100485c0 f   wldap32:WLDAP32.dll
 0001:000475c6       _ldap_msgfree              100485c6 f   wldap32:WLDAP32.dll
 0001:000475cc       _ber_free                  100485cc f   wldap32:WLDAP32.dll
 0001:000475d2       _ldap_memfree              100485d2 f   wldap32:WLDAP32.dll
 0001:000475d8       _ldap_value_free_len       100485d8 f   wldap32:WLDAP32.dll
 0001:000475de       _ldap_get_values_len       100485de f   wldap32:WLDAP32.dll
 0001:000475e4       _ldap_next_attribute       100485e4 f   wldap32:WLDAP32.dll
 0001:000475ea       _ldap_first_attribute      100485ea f   wldap32:WLDAP32.dll
 0001:000475f0       _ldap_get_dn               100485f0 f   wldap32:WLDAP32.dll
 0001:000475f6       _ldap_next_entry           100485f6 f   wldap32:WLDAP32.dll
 0001:000475fc       _ldap_first_entry          100485fc f   wldap32:WLDAP32.dll
 0001:00047602       _ldap_search_s             10048602 f   wldap32:WLDAP32.dll
 0001:00047608       _ldap_simple_bind_s        10048608 f   wldap32:WLDAP32.dll
 0001:0004760e       _ldap_init                 1004860e f   wldap32:WLDAP32.dll
 0001:00047614       _ldap_set_option           10048614 f   wldap32:WLDAP32.dll
 0001:0004761a       _ldap_err2string           1004861a f   wldap32:WLDAP32.dll
 0001:00047620       _DeleteCriticalSection@4   10048620 f   kernel32:KERNEL32.dll
 0001:00047626       _LeaveCriticalSection@4    10048626 f   kernel32:KERNEL32.dll
 0001:0004762c       _EnterCriticalSection@4    1004862c f   kernel32:KERNEL32.dll
 0001:00047632       _GetLastError@0            10048632 f   kernel32:KERNEL32.dll
 0001:00047638       _SetLastError@4            10048638 f   kernel32:KERNEL32.dll
 0001:0004763e       _InitializeCriticalSection@4 1004863e f   kernel32:KERNEL32.dll
 0001:00047644       _SleepEx@8                 10048644 f   kernel32:KERNEL32.dll
 0001:0004764a       _CloseHandle@4             1004864a f   kernel32:KERNEL32.dll
 0001:00047650       _WaitForSingleObject@8     10048650 f   kernel32:KERNEL32.dll
 0001:00047656       _ExpandEnvironmentStringsA@12 10048656 f   kernel32:KERNEL32.dll
 0001:0004765c       _Sleep@4                   1004865c f   kernel32:KERNEL32.dll
 0001:00047662       _FormatMessageA@28         10048662 f   kernel32:KERNEL32.dll
 0001:00047668       _ReadFile@20               10048668 f   kernel32:KERNEL32.dll
 0001:0004766e       _PeekNamedPipe@24          1004866e f   kernel32:KERNEL32.dll
 0001:00047674       _WaitForMultipleObjects@16 10048674 f   kernel32:KERNEL32.dll
 0001:0004767a       _GetFileType@4             1004867a f   kernel32:KERNEL32.dll
 0001:00047680       _GetStdHandle@4            10048680 f   kernel32:KERNEL32.dll
 0001:00047686       _FreeLibrary@4             10048686 f   kernel32:KERNEL32.dll
 0001:0004768c       _GetProcAddress@8          1004868c f   kernel32:KERNEL32.dll
 0001:00047692       _LoadLibraryA@4            10048692 f   kernel32:KERNEL32.dll
 0001:00047698       _GetTickCount@0            10048698 f   kernel32:KERNEL32.dll
 0001:000476a0       __RTC_InitBase             100486a0 f   MSVCRTD:_init_.obj
 0001:000476d0       __RTC_Shutdown             100486d0 f   MSVCRTD:_init_.obj
 0001:000476f0       __RTC_CheckEsp             100486f0 f   MSVCRTD:_stack_.obj
 0001:00047720       @_RTC_CheckStackVars@8     10048720 f   MSVCRTD:_stack_.obj
 0001:00047780       @_RTC_AllocaHelper@12      10048780 f   MSVCRTD:_stack_.obj
 0001:000477c0       @_RTC_CheckStackVars2@12   100487c0 f   MSVCRTD:_stack_.obj
 0001:00047896       _memset                    10048896 f   MSVCRTD:MSVCR90D.dll
 0001:000478a0       @__security_check_cookie@4 100488a0 f   MSVCRTD:secchk.obj
 0001:000478b0       __errno                    100488b0 f   MSVCRTD:MSVCR90D.dll
 0001:000478b6       _strlen                    100488b6 f   MSVCRTD:MSVCR90D.dll
 0001:000478bc       _memcpy                    100488bc f   MSVCRTD:MSVCR90D.dll
 0001:000478d0       _DebuggerKnownHandle       100488d0 f   MSVCRTD:_error_.obj
 0001:00047990       ?_RTC_Failure@@YAXPAXH@Z   10048990 f   MSVCRTD:_error_.obj
 0001:00047ca0       ?_RTC_StackFailure@@YAXPAXPBD@Z 10048ca0 f   MSVCRTD:_error_.obj
 0001:00047da0       ?_RTC_AllocaFailure@@YAXPAXPAU_RTC_ALLOCA_NODE@@H@Z 10048da0 f   MSVCRTD:_error_.obj
 0001:00047f50       __RTC_UninitUse            10048f50 f   MSVCRTD:_error_.obj
 0001:0004803a       __strtoi64                 1004903a f   MSVCRTD:MSVCR90D.dll
 0001:00048040       _strcmp                    10049040 f   MSVCRTD:MSVCR90D.dll
 0001:00048046       _strncmp                   10049046 f   MSVCRTD:MSVCR90D.dll
 0001:0004804c       _strrchr                   1004904c f   MSVCRTD:MSVCR90D.dll
 0001:00048052       _strtol                    10049052 f   MSVCRTD:MSVCR90D.dll
 0001:00048058       _sscanf                    10049058 f   MSVCRTD:MSVCR90D.dll
 0001:0004805e       _strchr                    1004905e f   MSVCRTD:MSVCR90D.dll
 0001:00048064       __time64                   10049064 f   MSVCRTD:MSVCR90D.dll
 0001:0004806a       _fclose                    1004906a f   MSVCRTD:MSVCR90D.dll
 0001:00048070       _fgets                     10049070 f   MSVCRTD:MSVCR90D.dll
 0001:00048076       _fopen                     10049076 f   MSVCRTD:MSVCR90D.dll
 0001:0004807c       ___iob_func                1004907c f   MSVCRTD:MSVCR90D.dll
 0001:00048082       _qsort                     10049082 f   MSVCRTD:MSVCR90D.dll
 0001:00048088       _fputs                     10049088 f   MSVCRTD:MSVCR90D.dll
 0001:0004808e       _isgraph                   1004908e f   MSVCRTD:MSVCR90D.dll
 0001:00048094       _islower                   10049094 f   MSVCRTD:MSVCR90D.dll
 0001:0004809a       _isupper                   1004909a f   MSVCRTD:MSVCR90D.dll
 0001:000480a0       _isspace                   100490a0 f   MSVCRTD:MSVCR90D.dll
 0001:000480a6       _isxdigit                  100490a6 f   MSVCRTD:MSVCR90D.dll
 0001:000480ac       _isdigit                   100490ac f   MSVCRTD:MSVCR90D.dll
 0001:000480b2       _isalpha                   100490b2 f   MSVCRTD:MSVCR90D.dll
 0001:000480b8       _isalnum                   100490b8 f   MSVCRTD:MSVCR90D.dll
 0001:000480be       _isprint                   100490be f   MSVCRTD:MSVCR90D.dll
 0001:000480c4       __beginthreadex            100490c4 f   MSVCRTD:MSVCR90D.dll
 0001:000480ca       _free                      100490ca f   MSVCRTD:MSVCR90D.dll
 0001:000480d0       _malloc                    100490d0 f   MSVCRTD:MSVCR90D.dll
 0001:000480d6       _calloc                    100490d6 f   MSVCRTD:MSVCR90D.dll
 0001:000480dc       _realloc                   100490dc f   MSVCRTD:MSVCR90D.dll
 0001:000480e2       _strtoul                   100490e2 f   MSVCRTD:MSVCR90D.dll
 0001:000480e8       __lseeki64                 100490e8 f   MSVCRTD:MSVCR90D.dll
 0001:000480ee       __fstat64                  100490ee f   MSVCRTD:MSVCR90D.dll
 0001:000480f4       _fwrite                    100490f4 f   MSVCRTD:MSVCR90D.dll
 0001:00048100       __alloca_probe             10049100     MSVCRTD:chkstk.obj
 0001:00048100       __chkstk                   10049100 f   MSVCRTD:chkstk.obj
 0001:0004812c       _fread                     1004912c f   MSVCRTD:MSVCR90D.dll
 0001:00048132       __stat64                   10049132 f   MSVCRTD:MSVCR90D.dll
 0001:00048138       _strcpy                    10049138 f   MSVCRTD:MSVCR90D.dll
 0001:0004813e       _strncpy                   1004913e f   MSVCRTD:MSVCR90D.dll
 0001:00048144       _strstr                    10049144 f   MSVCRTD:MSVCR90D.dll
 0001:0004814a       _strcat                    1004914a f   MSVCRTD:MSVCR90D.dll
 0001:00048150       _getenv                    10049150 f   MSVCRTD:MSVCR90D.dll
 0001:00048160       _memcmp                    10049160 f   MSVCRTD:MSVCR90D.dll
 0001:00048166       _memchr                    10049166 f   MSVCRTD:MSVCR90D.dll
 0001:0004816c       _memmove                   1004916c f   MSVCRTD:MSVCR90D.dll
 0001:00048172       _sprintf                   10049172 f   MSVCRTD:MSVCR90D.dll
 0001:00048180       __aulldiv                  10049180 f   MSVCRTD:ulldiv.obj
 0001:000481f0       __aullrem                  100491f0 f   MSVCRTD:ullrem.obj
 0001:00048266       _fputc                     10049266 f   MSVCRTD:MSVCR90D.dll
 0001:00048270       __allmul                   10049270 f   MSVCRTD:llmul.obj
 0001:000482a4       __gmtime64                 100492a4 f   MSVCRTD:MSVCR90D.dll
 0001:000482aa       _fflush                    100492aa f   MSVCRTD:MSVCR90D.dll
 0001:000482b0       __alldiv                   100492b0 f   MSVCRTD:lldiv.obj
 0001:00048360       __ftol2_sse                10049360 f   MSVCRTD:ftol2.obj
 0001:00048369       __ftol2_pentium4           10049369 f   MSVCRTD:ftol2.obj
 0001:0004837c       __ftol2_sse_excpt          1004937c f   MSVCRTD:ftol2.obj
 0001:00048396       __ftol2                    10049396 f   MSVCRTD:ftol2.obj
 0001:00048410       __allrem                   10049410 f   MSVCRTD:llrem.obj
 0001:000484c2       _strerror                  100494c2 f   MSVCRTD:MSVCR90D.dll
 0001:000484c8       ___sys_nerr                100494c8 f   MSVCRTD:MSVCR90D.dll
 0001:000484ce       _fseek                     100494ce f   MSVCRTD:MSVCR90D.dll
 0001:000484e0       __allshr                   100494e0 f   MSVCRTD:llshr.obj
 0001:00048502       _tolower                   10049502 f   MSVCRTD:MSVCR90D.dll
 0001:00048590       __CRT_INIT@12              10049590 f   MSVCRTD:crtdll.obj
 0001:000488a0       _NtCurrentTeb              100498a0 f i MSVCRTD:crtdll.obj
 0001:000488b0       __DllMainCRTStartup@12     100498b0 f   MSVCRTD:crtdll.obj
 0001:00048ab0       __RTC_NumErrors            10049ab0 f   MSVCRTD:_userapi_.obj
 0001:00048ac0       __RTC_GetErrDesc           10049ac0 f   MSVCRTD:_userapi_.obj
 0001:00048ae0       __RTC_SetErrorType         10049ae0 f   MSVCRTD:_userapi_.obj
 0001:00048b10       __RTC_SetErrorFunc         10049b10 f   MSVCRTD:_userapi_.obj
 0001:00048b30       __RTC_SetErrorFuncW        10049b30 f   MSVCRTD:_userapi_.obj
 0001:00048b50       ?_RTC_GetErrorFunc@@YAP6AHHPBDH00ZZPBX@Z 10049b50 f   MSVCRTD:_userapi_.obj
 0001:00048b60       ?_RTC_GetErrorFuncW@@YAP6AHHPB_WH00ZZPBX@Z 10049b60 f   MSVCRTD:_userapi_.obj
 0001:00048b66       __CRT_RTC_INITW            10049b66 f   MSVCRTD:MSVCR90D.dll
 0001:00048b70       ___report_gsfailure        10049b70 f   MSVCRTD:gs_report.obj
 0001:00048c80       __except_handler4          10049c80 f   MSVCRTD:chandler4gs.obj
 0001:00048cb0       ?_RTC_GetSrcLine@@YAHPAEPA_WKPAH1K@Z 10049cb0 f   MSVCRTD:_pdblkup_.obj
 0001:00049150       __get_sse2_info            1004a150 f   MSVCRTD:cpu_disp.obj
 0001:00049280       ___sse2_available_init     1004a280 f   MSVCRTD:cpu_disp.obj
 0001:000492a0       ___clean_type_info_names   1004a2a0 f   MSVCRTD:tncleanup.obj
 0001:000492c0       __onexit                   1004a2c0 f   MSVCRTD:atonexit.obj
 0001:000493d0       _atexit                    1004a3d0 f   MSVCRTD:atonexit.obj
 0001:000493f0       __RTC_Initialize           1004a3f0 f   MSVCRTD:_initsect_.obj
 0001:00049420       __RTC_Terminate            1004a420 f   MSVCRTD:_initsect_.obj
 0001:00049446       __encode_pointer           1004a446 f   MSVCRTD:MSVCR90D.dll
 0001:0004944c       __malloc_dbg               1004a44c f   MSVCRTD:MSVCR90D.dll
 0001:00049452       __free_dbg                 1004a452 f   MSVCRTD:MSVCR90D.dll
 0001:00049458       __encoded_null             1004a458 f   MSVCRTD:MSVCR90D.dll
 0001:0004945e       __decode_pointer           1004a45e f   MSVCRTD:MSVCR90D.dll
 0001:00049464       __CrtSetCheckCount         1004a464 f   MSVCRTD:MSVCR90D.dll
 0001:00049470       __ValidateImageBase        1004a470 f   MSVCRTD:pesect.obj
 0001:000494d0       __FindPESection            1004a4d0 f   MSVCRTD:pesect.obj
 0001:00049550       __IsNonwritableInCurrentImage 1004a550 f   MSVCRTD:pesect.obj
 0001:00049662       __initterm                 1004a662 f   MSVCRTD:MSVCR90D.dll
 0001:00049668       __initterm_e               1004a668 f   MSVCRTD:MSVCR90D.dll
 0001:0004966e       __amsg_exit                1004a66e f   MSVCRTD:MSVCR90D.dll
 0001:00049680       ___security_init_cookie    1004a680 f   MSVCRTD:gs_support.obj
 0001:0004975c       ___CppXcptFilter           1004a75c f   MSVCRTD:MSVCR90D.dll
 0001:00049770       _DllMain@12                1004a770 f   MSVCRTD:dllmain.obj
 0001:00049798       __crt_debugger_hook        1004a798 f   MSVCRTD:MSVCR90D.dll
 0001:0004979e       __except_handler4_common   1004a79e f   MSVCRTD:MSVCR90D.dll
 0001:000497a4       ___clean_type_info_names_internal 1004a7a4 f   MSVCRTD:MSVCR90D.dll
 0001:000497aa       __unlock                   1004a7aa f   MSVCRTD:MSVCR90D.dll
 0001:000497b0       ___dllonexit               1004a7b0 f   MSVCRTD:MSVCR90D.dll
 0001:000497b6       __lock                     1004a7b6 f   MSVCRTD:MSVCR90D.dll
 0001:000497bc       _IsDebuggerPresent@0       1004a7bc f   kernel32:KERNEL32.dll
 0001:000497c2       _RaiseException@16         1004a7c2 f   kernel32:KERNEL32.dll
 0001:000497c8       _DebugBreak@0              1004a7c8 f   kernel32:KERNEL32.dll
 0001:000497ce       _WideCharToMultiByte@32    1004a7ce f   kernel32:KERNEL32.dll
 0001:000497d4       _MultiByteToWideChar@24    1004a7d4 f   kernel32:KERNEL32.dll
 0001:000497da       _lstrlenA@4                1004a7da f   kernel32:KERNEL32.dll
 0001:000497e0       _InterlockedExchange@8     1004a7e0 f   kernel32:KERNEL32.dll
 0001:000497e6       _InterlockedCompareExchange@12 1004a7e6 f   kernel32:KERNEL32.dll
 0001:000497ec       _TerminateProcess@8        1004a7ec f   kernel32:KERNEL32.dll
 0001:000497f2       _GetCurrentProcess@0       1004a7f2 f   kernel32:KERNEL32.dll
 0001:000497f8       _UnhandledExceptionFilter@4 1004a7f8 f   kernel32:KERNEL32.dll
 0001:000497fe       _SetUnhandledExceptionFilter@4 1004a7fe f   kernel32:KERNEL32.dll
 0001:00049804       _HeapFree@12               1004a804 f   kernel32:KERNEL32.dll
 0001:0004980a       _HeapAlloc@12              1004a80a f   kernel32:KERNEL32.dll
 0001:00049810       _GetProcessHeap@0          1004a810 f   kernel32:KERNEL32.dll
 0001:00049816       _GetModuleFileNameW@12     1004a816 f   kernel32:KERNEL32.dll
 0001:0004981c       _VirtualQuery@12           1004a81c f   kernel32:KERNEL32.dll
 0001:00049822       _QueryPerformanceCounter@4 1004a822 f   kernel32:KERNEL32.dll
 0001:00049828       _GetCurrentThreadId@0      1004a828 f   kernel32:KERNEL32.dll
 0001:0004982e       _GetCurrentProcessId@0     1004a82e f   kernel32:KERNEL32.dll
 0001:00049834       _GetSystemTimeAsFileTime@4 1004a834 f   kernel32:KERNEL32.dll
 0001:0004983a       _DisableThreadLibraryCalls@4 1004a83a f   kernel32:KERNEL32.dll
 0001:00049840       __strdup                   1004a840 f   MSVCRTD:MSVCR90D.dll
 0001:00049840       _strdup                    1004a840 f   MSVCRTD:MSVCR90D.dll
 0001:00049846       __open                     1004a846 f   MSVCRTD:MSVCR90D.dll
 0001:0004984c       __close                    1004a84c f   MSVCRTD:MSVCR90D.dll
 0001:00049852       __read                     1004a852 f   MSVCRTD:MSVCR90D.dll
 0001:00049858       __fileno                   1004a858 f   MSVCRTD:MSVCR90D.dll
 0001:0004985e       __stricmp                  1004a85e f   MSVCRTD:MSVCR90D.dll
 0001:00049864       __strnicmp                 1004a864 f   MSVCRTD:MSVCR90D.dll
 0002:00000000       __imp__LoadLibraryA@4      1004b000     kernel32:KERNEL32.dll
 0002:00000004       __imp__GetProcAddress@8    1004b004     kernel32:KERNEL32.dll
 0002:00000008       __imp__FreeLibrary@4       1004b008     kernel32:KERNEL32.dll
 0002:0000000c       __imp__GetStdHandle@4      1004b00c     kernel32:KERNEL32.dll
 0002:00000010       __imp__GetFileType@4       1004b010     kernel32:KERNEL32.dll
 0002:00000014       __imp__WaitForMultipleObjects@16 1004b014     kernel32:KERNEL32.dll
 0002:00000018       __imp__DisableThreadLibraryCalls@4 1004b018     kernel32:KERNEL32.dll
 0002:0000001c       __imp__GetSystemTimeAsFileTime@4 1004b01c     kernel32:KERNEL32.dll
 0002:00000020       __imp__GetCurrentProcessId@0 1004b020     kernel32:KERNEL32.dll
 0002:00000024       __imp__GetCurrentThreadId@0 1004b024     kernel32:KERNEL32.dll
 0002:00000028       __imp__QueryPerformanceCounter@4 1004b028     kernel32:KERNEL32.dll
 0002:0000002c       __imp__VirtualQuery@12     1004b02c     kernel32:KERNEL32.dll
 0002:00000030       __imp__GetModuleFileNameW@12 1004b030     kernel32:KERNEL32.dll
 0002:00000034       __imp__GetProcessHeap@0    1004b034     kernel32:KERNEL32.dll
 0002:00000038       __imp__HeapAlloc@12        1004b038     kernel32:KERNEL32.dll
 0002:0000003c       __imp__HeapFree@12         1004b03c     kernel32:KERNEL32.dll
 0002:00000040       __imp__SetUnhandledExceptionFilter@4 1004b040     kernel32:KERNEL32.dll
 0002:00000044       __imp__UnhandledExceptionFilter@4 1004b044     kernel32:KERNEL32.dll
 0002:00000048       __imp__GetCurrentProcess@0 1004b048     kernel32:KERNEL32.dll
 0002:0000004c       __imp__TerminateProcess@8  1004b04c     kernel32:KERNEL32.dll
 0002:00000050       __imp__InterlockedCompareExchange@12 1004b050     kernel32:KERNEL32.dll
 0002:00000054       __imp__InterlockedExchange@8 1004b054     kernel32:KERNEL32.dll
 0002:00000058       __imp__lstrlenA@4          1004b058     kernel32:KERNEL32.dll
 0002:0000005c       __imp__MultiByteToWideChar@24 1004b05c     kernel32:KERNEL32.dll
 0002:00000060       __imp__WideCharToMultiByte@32 1004b060     kernel32:KERNEL32.dll
 0002:00000064       __imp__DebugBreak@0        1004b064     kernel32:KERNEL32.dll
 0002:00000068       __imp__RaiseException@16   1004b068     kernel32:KERNEL32.dll
 0002:0000006c       __imp__IsDebuggerPresent@0 1004b06c     kernel32:KERNEL32.dll
 0002:00000070       __imp__PeekNamedPipe@24    1004b070     kernel32:KERNEL32.dll
 0002:00000074       __imp__ReadFile@20         1004b074     kernel32:KERNEL32.dll
 0002:00000078       __imp__FormatMessageA@28   1004b078     kernel32:KERNEL32.dll
 0002:0000007c       __imp__GetTickCount@0      1004b07c     kernel32:KERNEL32.dll
 0002:00000080       __imp__Sleep@4             1004b080     kernel32:KERNEL32.dll
 0002:00000084       __imp__ExpandEnvironmentStringsA@12 1004b084     kernel32:KERNEL32.dll
 0002:00000088       __imp__WaitForSingleObject@8 1004b088     kernel32:KERNEL32.dll
 0002:0000008c       __imp__CloseHandle@4       1004b08c     kernel32:KERNEL32.dll
 0002:00000090       __imp__SleepEx@8           1004b090     kernel32:KERNEL32.dll
 0002:00000094       __imp__InitializeCriticalSection@4 1004b094     kernel32:KERNEL32.dll
 0002:00000098       __imp__SetLastError@4      1004b098     kernel32:KERNEL32.dll
 0002:0000009c       __imp__GetLastError@0      1004b09c     kernel32:KERNEL32.dll
 0002:000000a0       __imp__EnterCriticalSection@4 1004b0a0     kernel32:KERNEL32.dll
 0002:000000a4       __imp__LeaveCriticalSection@4 1004b0a4     kernel32:KERNEL32.dll
 0002:000000a8       __imp__DeleteCriticalSection@4 1004b0a8     kernel32:KERNEL32.dll
 0002:000000ac       \177KERNEL32_NULL_THUNK_DATA 1004b0ac     kernel32:KERNEL32.dll
 0002:000000b0       __imp___decode_pointer     1004b0b0     MSVCRTD:MSVCR90D.dll
 0002:000000b4       __imp___CrtSetCheckCount   1004b0b4     MSVCRTD:MSVCR90D.dll
 0002:000000b8       __imp___initterm           1004b0b8     MSVCRTD:MSVCR90D.dll
 0002:000000bc       __imp___initterm_e         1004b0bc     MSVCRTD:MSVCR90D.dll
 0002:000000c0       __imp___amsg_exit          1004b0c0     MSVCRTD:MSVCR90D.dll
 0002:000000c4       __imp___adjust_fdiv        1004b0c4     MSVCRTD:MSVCR90D.dll
 0002:000000c8       __imp____CppXcptFilter     1004b0c8     MSVCRTD:MSVCR90D.dll
 0002:000000cc       __imp___crt_debugger_hook  1004b0cc     MSVCRTD:MSVCR90D.dll
 0002:000000d0       __imp___except_handler4_common 1004b0d0     MSVCRTD:MSVCR90D.dll
 0002:000000d4       __imp____clean_type_info_names_internal 1004b0d4     MSVCRTD:MSVCR90D.dll
 0002:000000d8       __imp____dllonexit         1004b0d8     MSVCRTD:MSVCR90D.dll
 0002:000000dc       __imp___lock               1004b0dc     MSVCRTD:MSVCR90D.dll
 0002:000000e0       __imp___onexit             1004b0e0     MSVCRTD:MSVCR90D.dll
 0002:000000e4       __imp__strdup              1004b0e4     MSVCRTD:MSVCR90D.dll
 0002:000000e4       __imp___strdup             1004b0e4     MSVCRTD:MSVCR90D.dll
 0002:000000e8       __imp__open                1004b0e8     MSVCRTD:MSVCR90D.dll
 0002:000000e8       __imp___open               1004b0e8     MSVCRTD:MSVCR90D.dll
 0002:000000ec       __imp__close               1004b0ec     MSVCRTD:MSVCR90D.dll
 0002:000000ec       __imp___close              1004b0ec     MSVCRTD:MSVCR90D.dll
 0002:000000f0       __imp__read                1004b0f0     MSVCRTD:MSVCR90D.dll
 0002:000000f0       __imp___read               1004b0f0     MSVCRTD:MSVCR90D.dll
 0002:000000f4       __imp___fileno             1004b0f4     MSVCRTD:MSVCR90D.dll
 0002:000000f4       __imp__fileno              1004b0f4     MSVCRTD:MSVCR90D.dll
 0002:000000f8       __imp___stricmp            1004b0f8     MSVCRTD:MSVCR90D.dll
 0002:000000f8       __imp__stricmp             1004b0f8     MSVCRTD:MSVCR90D.dll
 0002:000000fc       __imp___unlock             1004b0fc     MSVCRTD:MSVCR90D.dll
 0002:00000100       __imp__isgraph             1004b100     MSVCRTD:MSVCR90D.dll
 0002:00000104       __imp__memset              1004b104     MSVCRTD:MSVCR90D.dll
 0002:00000108       __imp___errno              1004b108     MSVCRTD:MSVCR90D.dll
 0002:0000010c       __imp__strlen              1004b10c     MSVCRTD:MSVCR90D.dll
 0002:00000110       __imp__memcpy              1004b110     MSVCRTD:MSVCR90D.dll
 0002:00000114       __imp___strtoi64           1004b114     MSVCRTD:MSVCR90D.dll
 0002:00000118       __imp__strcmp              1004b118     MSVCRTD:MSVCR90D.dll
 0002:0000011c       __imp__strncmp             1004b11c     MSVCRTD:MSVCR90D.dll
 0002:00000120       __imp__strrchr             1004b120     MSVCRTD:MSVCR90D.dll
 0002:00000124       __imp__strtol              1004b124     MSVCRTD:MSVCR90D.dll
 0002:00000128       __imp__sscanf              1004b128     MSVCRTD:MSVCR90D.dll
 0002:0000012c       __imp__strchr              1004b12c     MSVCRTD:MSVCR90D.dll
 0002:00000130       __imp___time64             1004b130     MSVCRTD:MSVCR90D.dll
 0002:00000134       __imp__fclose              1004b134     MSVCRTD:MSVCR90D.dll
 0002:00000138       __imp__fgets               1004b138     MSVCRTD:MSVCR90D.dll
 0002:0000013c       __imp__fopen               1004b13c     MSVCRTD:MSVCR90D.dll
 0002:00000140       __imp____iob_func          1004b140     MSVCRTD:MSVCR90D.dll
 0002:00000144       __imp__qsort               1004b144     MSVCRTD:MSVCR90D.dll
 0002:00000148       __imp__fputs               1004b148     MSVCRTD:MSVCR90D.dll
 0002:0000014c       __imp___strnicmp           1004b14c     MSVCRTD:MSVCR90D.dll
 0002:0000014c       __imp__strnicmp            1004b14c     MSVCRTD:MSVCR90D.dll
 0002:00000150       __imp__islower             1004b150     MSVCRTD:MSVCR90D.dll
 0002:00000154       __imp__isupper             1004b154     MSVCRTD:MSVCR90D.dll
 0002:00000158       __imp__isspace             1004b158     MSVCRTD:MSVCR90D.dll
 0002:0000015c       __imp__isxdigit            1004b15c     MSVCRTD:MSVCR90D.dll
 0002:00000160       __imp__isdigit             1004b160     MSVCRTD:MSVCR90D.dll
 0002:00000164       __imp__isalpha             1004b164     MSVCRTD:MSVCR90D.dll
 0002:00000168       __imp__isalnum             1004b168     MSVCRTD:MSVCR90D.dll
 0002:0000016c       __imp__isprint             1004b16c     MSVCRTD:MSVCR90D.dll
 0002:00000170       __imp___beginthreadex      1004b170     MSVCRTD:MSVCR90D.dll
 0002:00000174       __imp__free                1004b174     MSVCRTD:MSVCR90D.dll
 0002:00000178       __imp__malloc              1004b178     MSVCRTD:MSVCR90D.dll
 0002:0000017c       __imp__calloc              1004b17c     MSVCRTD:MSVCR90D.dll
 0002:00000180       __imp__realloc             1004b180     MSVCRTD:MSVCR90D.dll
 0002:00000184       __imp__strtoul             1004b184     MSVCRTD:MSVCR90D.dll
 0002:00000188       __imp___lseeki64           1004b188     MSVCRTD:MSVCR90D.dll
 0002:0000018c       __imp___fstat64            1004b18c     MSVCRTD:MSVCR90D.dll
 0002:00000190       __imp__fwrite              1004b190     MSVCRTD:MSVCR90D.dll
 0002:00000194       __imp__fread               1004b194     MSVCRTD:MSVCR90D.dll
 0002:00000198       __imp___stat64             1004b198     MSVCRTD:MSVCR90D.dll
 0002:0000019c       __imp__strcpy              1004b19c     MSVCRTD:MSVCR90D.dll
 0002:000001a0       __imp__strncpy             1004b1a0     MSVCRTD:MSVCR90D.dll
 0002:000001a4       __imp__strstr              1004b1a4     MSVCRTD:MSVCR90D.dll
 0002:000001a8       __imp__strcat              1004b1a8     MSVCRTD:MSVCR90D.dll
 0002:000001ac       __imp__getenv              1004b1ac     MSVCRTD:MSVCR90D.dll
 0002:000001b0       __imp__memcmp              1004b1b0     MSVCRTD:MSVCR90D.dll
 0002:000001b4       __imp__memchr              1004b1b4     MSVCRTD:MSVCR90D.dll
 0002:000001b8       __imp__memmove             1004b1b8     MSVCRTD:MSVCR90D.dll
 0002:000001bc       __imp__sprintf             1004b1bc     MSVCRTD:MSVCR90D.dll
 0002:000001c0       __imp__fputc               1004b1c0     MSVCRTD:MSVCR90D.dll
 0002:000001c4       __imp___gmtime64           1004b1c4     MSVCRTD:MSVCR90D.dll
 0002:000001c8       __imp__fflush              1004b1c8     MSVCRTD:MSVCR90D.dll
 0002:000001cc       __imp__strerror            1004b1cc     MSVCRTD:MSVCR90D.dll
 0002:000001d0       __imp____sys_nerr          1004b1d0     MSVCRTD:MSVCR90D.dll
 0002:000001d4       __imp__fseek               1004b1d4     MSVCRTD:MSVCR90D.dll
 0002:000001d8       __imp__tolower             1004b1d8     MSVCRTD:MSVCR90D.dll
 0002:000001dc       __imp___CRT_RTC_INITW      1004b1dc     MSVCRTD:MSVCR90D.dll
 0002:000001e0       __imp___encode_pointer     1004b1e0     MSVCRTD:MSVCR90D.dll
 0002:000001e4       __imp___malloc_dbg         1004b1e4     MSVCRTD:MSVCR90D.dll
 0002:000001e8       __imp___free_dbg           1004b1e8     MSVCRTD:MSVCR90D.dll
 0002:000001ec       __imp___encoded_null       1004b1ec     MSVCRTD:MSVCR90D.dll
 0002:000001f0       \177MSVCR90D_NULL_THUNK_DATA 1004b1f0     MSVCRTD:MSVCR90D.dll
 0002:000001f4       __imp__ldap_err2string     1004b1f4     wldap32:WLDAP32.dll
 0002:000001f8       __imp__ldap_set_option     1004b1f8     wldap32:WLDAP32.dll
 0002:000001fc       __imp__ldap_init           1004b1fc     wldap32:WLDAP32.dll
 0002:00000200       __imp__ldap_simple_bind_s  1004b200     wldap32:WLDAP32.dll
 0002:00000204       __imp__ldap_search_s       1004b204     wldap32:WLDAP32.dll
 0002:00000208       __imp__ldap_first_entry    1004b208     wldap32:WLDAP32.dll
 0002:0000020c       __imp__ldap_next_entry     1004b20c     wldap32:WLDAP32.dll
 0002:00000210       __imp__ldap_get_dn         1004b210     wldap32:WLDAP32.dll
 0002:00000214       __imp__ldap_first_attribute 1004b214     wldap32:WLDAP32.dll
 0002:00000218       __imp__ldap_next_attribute 1004b218     wldap32:WLDAP32.dll
 0002:0000021c       __imp__ldap_get_values_len 1004b21c     wldap32:WLDAP32.dll
 0002:00000220       __imp__ldap_value_free_len 1004b220     wldap32:WLDAP32.dll
 0002:00000224       __imp__ldap_memfree        1004b224     wldap32:WLDAP32.dll
 0002:00000228       __imp__ber_free            1004b228     wldap32:WLDAP32.dll
 0002:0000022c       __imp__ldap_msgfree        1004b22c     wldap32:WLDAP32.dll
 0002:00000230       __imp__ldap_unbind_s       1004b230     wldap32:WLDAP32.dll
 0002:00000234       \177WLDAP32_NULL_THUNK_DATA 1004b234     wldap32:WLDAP32.dll
 0002:00000238       __imp__recvfrom@24         1004b238     ws2_32:WS2_32.dll
 0002:0000023c       __imp__sendto@24           1004b23c     ws2_32:WS2_32.dll
 0002:00000240       __imp__send@16             1004b240     ws2_32:WS2_32.dll
 0002:00000244       __imp__select@20           1004b244     ws2_32:WS2_32.dll
 0002:00000248       __imp____WSAFDIsSet@8      1004b248     ws2_32:WS2_32.dll
 0002:0000024c       __imp__ioctlsocket@12      1004b24c     ws2_32:WS2_32.dll
 0002:00000250       __imp__accept@12           1004b250     ws2_32:WS2_32.dll
 0002:00000254       __imp__listen@8            1004b254     ws2_32:WS2_32.dll
 0002:00000258       __imp__WSAStartup@8        1004b258     ws2_32:WS2_32.dll
 0002:0000025c       __imp__WSACleanup@0        1004b25c     ws2_32:WS2_32.dll
 0002:00000260       __imp__gethostname@8       1004b260     ws2_32:WS2_32.dll
 0002:00000264       __imp__getaddrinfo@16      1004b264     ws2_32:WS2_32.dll
 0002:00000268       __imp__freeaddrinfo@4      1004b268     ws2_32:WS2_32.dll
 0002:0000026c       __imp__recv@16             1004b26c     ws2_32:WS2_32.dll
 0002:00000270       __imp__htons@4             1004b270     ws2_32:WS2_32.dll
 0002:00000274       __imp__bind@12             1004b274     ws2_32:WS2_32.dll
 0002:00000278       __imp__connect@12          1004b278     ws2_32:WS2_32.dll
 0002:0000027c       __imp__setsockopt@20       1004b27c     ws2_32:WS2_32.dll
 0002:00000280       __imp__getsockopt@20       1004b280     ws2_32:WS2_32.dll
 0002:00000284       __imp__WSASetLastError@4   1004b284     ws2_32:WS2_32.dll
 0002:00000288       __imp__ntohs@4             1004b288     ws2_32:WS2_32.dll
 0002:0000028c       __imp__getpeername@12      1004b28c     ws2_32:WS2_32.dll
 0002:00000290       __imp__getsockname@12      1004b290     ws2_32:WS2_32.dll
 0002:00000294       __imp__socket@12           1004b294     ws2_32:WS2_32.dll
 0002:00000298       __imp__WSAGetLastError@0   1004b298     ws2_32:WS2_32.dll
 0002:0000029c       __imp__closesocket@4       1004b29c     ws2_32:WS2_32.dll
 0002:000002a0       \177WS2_32_NULL_THUNK_DATA 1004b2a0     ws2_32:WS2_32.dll
 0002:000002a4       ___xc_a                    1004b2a4     MSVCRTD:cinitexe.obj
 0002:000002a8       ___xc_z                    1004b2a8     MSVCRTD:cinitexe.obj
 0002:000002ac       ___xi_a                    1004b2ac     MSVCRTD:cinitexe.obj
 0002:000002b8       ___xi_z                    1004b2b8     MSVCRTD:cinitexe.obj
 0002:00000328       _Curl_handler_dict         1004b328     dict.obj
 0002:00000368       _Curl_handler_file         1004b368     file.obj
 0002:00000408       _Curl_handler_ftp          1004b408     ftp.obj
 0002:000004a8       __real@0000000000000000    1004b4a8     getinfo.obj
 0002:000004b0       __real@bff0000000000000    1004b4b0     getinfo.obj
 0002:000004b8       _Curl_handler_gopher       1004b4b8     gopher.obj
 0002:00000500       _Curl_handler_http         1004b500     http.obj
 0002:00000540       _Curl_handler_imap         1004b540     imap.obj
 0002:000005e0       _Curl_handler_ldap         1004b5e0     ldap.obj
 0002:00000660       _Curl_HMAC_MD5             1004b660     md5.obj
 0002:000006e0       _Curl_wkday                1004b6e0     parsedate.obj
 0002:00000718       _Curl_month                1004b718     parsedate.obj
 0002:00000aa8       _Curl_handler_pop3         1004baa8     pop3.obj
 0002:00000b28       __real@408f400000000000    1004bb28     progress.obj
 0002:00000b30       __real@3ff0000000000000    1004bb30     progress.obj
 0002:00000b38       __real@412e848000000000    1004bb38     progress.obj
 0002:00000b40       _Curl_handler_rtsp         1004bb40     rtsp.obj
 0002:00000b98       _Curl_handler_smtp         1004bb98     smtp.obj
 0002:00000d08       _Curl_handler_telnet       1004bd08     telnet.obj
 0002:00000d48       _Curl_handler_tftp         1004bd48     tftp.obj
 0002:00000e34       ??_C@_0BO@GNIAFIKK@Unknown?5Runtime?5Check?5Error?6?$AN?$AA@ 1004be34     MSVCRTD:_error_.obj
 0002:00000e54       ??_C@_0CM@NGINOKPC@Stack?5memory?5around?5_alloca?5was?5@ 1004be54     MSVCRTD:_error_.obj
 0002:00000e80       ??_C@_0DG@HKJMLLLP@A?5local?5variable?5was?5used?5before@ 1004be80     MSVCRTD:_error_.obj
 0002:00000eb8       ??_C@_0BN@FFOINMNJ@Stack?5memory?5was?5corrupted?6?$AN?$AA@ 1004beb8     MSVCRTD:_error_.obj
 0002:00000ed8       ??_C@_0BBN@GPMLNJCF@A?5cast?5to?5a?5smaller?5data?5type?5ha@ 1004bed8     MSVCRTD:_error_.obj
 0002:00000ff8       ??_C@_0NN@NGPKDKPD@The?5value?5of?5ESP?5was?5not?5properl@ 1004bff8     MSVCRTD:_error_.obj
 0002:00001174       ??_C@_0CA@IODNCDPG@Run?9Time?5Check?5Failure?5?$CD?$CFd?5?9?5?$CFs?$AA@ 1004c174     MSVCRTD:_error_.obj
 0002:00001194       ??_C@_0BE@GNBOBNCK@Unknown?5Module?5Name?$AA@ 1004c194     MSVCRTD:_error_.obj
 0002:000011a8       ??_C@_0BB@PFFGGCJP@Unknown?5Filename?$AA@ 1004c1a8     MSVCRTD:_error_.obj
 0002:000011c0       ??_C@_1EA@NFKNIFJP@?$AAR?$AAu?$AAn?$AA?9?$AAT?$AAi?$AAm?$AAe?$AA?5?$AAC?$AAh?$AAe?$AAc?$AAk?$AA?5?$AAF?$AAa?$AAi?$AAl?$AAu?$AAr?$AAe?$AA?5?$AA?$CD?$AA?$CF?$AAd?$AA?5?$AA?9?$AA?5?$AA?$CF?$AAs?$AA?$AA@ 1004c1c0     MSVCRTD:_error_.obj
 0002:00001200       ??_C@_1GM@OLMCBDMB@?$AAR?$AAu?$AAn?$AAt?$AAi?$AAm?$AAe?$AA?5?$AAC?$AAh?$AAe?$AAc?$AAk?$AA?5?$AAE?$AAr?$AAr?$AAo?$AAr?$AA?4?$AA?6?$AA?$AN?$AA?5?$AAU?$AAn?$AAa?$AAb?$AAl?$AAe?$AA?5?$AAt?$AAo@ 1004c200     MSVCRTD:_error_.obj
 0002:0000126c       ??_C@_0CG@IAFNJNEE@Stack?5corrupted?5near?5unknown?5var@ 1004c26c     MSVCRTD:_error_.obj
 0002:00001298       ??_C@_0EJ@LJKNEOLN@Stack?5area?5around?5_alloca?5memory@ 1004c298     MSVCRTD:_error_.obj
 0002:000012e4       ??_C@_08KJEDNCKC@?$CFs?$CFs?$CFs?$CFs?$AA@ 1004c2e4     MSVCRTD:_error_.obj
 0002:000012f0       ??_C@_02LLMPMKNF@?$DO?5?$AA@ 1004c2f0     MSVCRTD:_error_.obj
 0002:000012f4       ??_C@_01EEMJAFIK@?6?$AA@   1004c2f4     MSVCRTD:_error_.obj
 0002:000012f8       ??_C@_0BC@KIBAILCI@?$CFs?$CFs?$CFp?$CFs?$CFld?$CFs?$CFd?$CFs?$AA@ 1004c2f8     MSVCRTD:_error_.obj
 0002:00001310       ??_C@_0EI@CLEPFNGI@Stack?5area?5around?5_alloca?5memory@ 1004c310     MSVCRTD:_error_.obj
 0002:00001358       ??_C@_0N@MHFFIMFG@?6Address?3?50x?$AA@ 1004c358     MSVCRTD:_error_.obj
 0002:00001368       ??_C@_07DFDJCKFN@?6Size?3?5?$AA@ 1004c368     MSVCRTD:_error_.obj
 0002:00001370       ??_C@_0CK@DKGBICFE@?6Allocation?5number?5within?5this?5f@ 1004c370     MSVCRTD:_error_.obj
 0002:0000139c       ??_C@_08OMAHNMHJ@?6Data?3?5?$DM?$AA@ 1004c39c     MSVCRTD:_error_.obj
 0002:000013a8       ??_C@_09FOPFMPEJ@wsprintfA?$AA@ 1004c3a8     MSVCRTD:_error_.obj
 0002:000013b4       ??_C@_0L@GMPLCCII@user32?4dll?$AA@ 1004c3b4     MSVCRTD:_error_.obj
 0002:000013c0       ??_C@_05MKKEDADM@?$CF?42X?5?$AA@ 1004c3c0     MSVCRTD:_error_.obj
 0002:000013c8       ??_C@_0DE@OHJBPMBP@A?5variable?5is?5being?5used?5without@ 1004c3c8     MSVCRTD:_error_.obj
 0002:000013fc       __pRawDllMain              1004c3fc     MSVCRTD:crtdll.obj
 0002:000013fc       __pDefaultRawDllMain       1004c3fc     MSVCRTD:crtdll.obj
 0002:00001400       ??_C@_0DA@FJPPCPEH@f?3?2dd?2vctools?2crt_bld?2self_x86?2c@ 1004c400     MSVCRTD:crtdll.obj
 0002:00001430       ??_C@_0BP@OGBCLIBO@Stack?5around?5_alloca?5corrupted?$AA@ 1004c430     MSVCRTD:_userapi_.obj
 0002:00001450       ??_C@_0CK@CNLNOEPB@Local?5variable?5used?5before?5initi@ 1004c450     MSVCRTD:_userapi_.obj
 0002:0000147c       ??_C@_0BI@CIGMDCBH@Stack?5memory?5corruption?$AA@ 1004c47c     MSVCRTD:_userapi_.obj
 0002:00001494       ??_C@_0CK@FEGOIOPB@Cast?5to?5smaller?5type?5causing?5los@ 1004c494     MSVCRTD:_userapi_.obj
 0002:000014c0       ??_C@_0BJ@HEGAHDFO@Stack?5pointer?5corruption?$AA@ 1004c4c0     MSVCRTD:_userapi_.obj
 0002:000014f8       ??_C@_0M@EKFFODEC@MSPDB80?4DLL?$AA@ 1004c4f8     MSVCRTD:_pdblkup_.obj
 0002:00001504       ??_C@_01KDCPPGHE@r?$AA@    1004c504     MSVCRTD:_pdblkup_.obj
 0002:00001508       ??_C@_0BB@KCIACLNC@PDBOpenValidate5?$AA@ 1004c508     MSVCRTD:_pdblkup_.obj
 0002:0000151c       ??_C@_0BF@BMIHBHCA@EnvironmentDirectory?$AA@ 1004c51c     MSVCRTD:_pdblkup_.obj
 0002:00001534       ??_C@_0CN@JNNIHDGH@SOFTWARE?2Microsoft?2VisualStudio?2@ 1004c534     MSVCRTD:_pdblkup_.obj
 0002:00001564       ??_C@_0M@HLOHPNFA@RegCloseKey?$AA@ 1004c564     MSVCRTD:_pdblkup_.obj
 0002:00001570       ??_C@_0BB@HHEIPGME@RegQueryValueExA?$AA@ 1004c570     MSVCRTD:_pdblkup_.obj
 0002:00001584       ??_C@_0O@DCOGKJGG@RegOpenKeyExA?$AA@ 1004c584     MSVCRTD:_pdblkup_.obj
 0002:00001594       ??_C@_0N@JJPEKNFO@ADVAPI32?4DLL?$AA@ 1004c594     MSVCRTD:_pdblkup_.obj
 0002:000015a4       ?ProcessDetach@NativeDll@<CrtImplementationDetails>@@0IB 1004c5a4     MSVCRTD:tncleanup.obj
 0002:000015a8       ?ProcessAttach@NativeDll@<CrtImplementationDetails>@@0IB 1004c5a8     MSVCRTD:tncleanup.obj
 0002:000015ac       ?ThreadAttach@NativeDll@<CrtImplementationDetails>@@0IB 1004c5ac     MSVCRTD:tncleanup.obj
 0002:000015b0       ?ThreadDetach@NativeDll@<CrtImplementationDetails>@@0IB 1004c5b0     MSVCRTD:tncleanup.obj
 0002:000015b4       ?ProcessVerifier@NativeDll@<CrtImplementationDetails>@@0IB 1004c5b4     MSVCRTD:tncleanup.obj
 0002:000015b8       __load_config_used         1004c5b8     MSVCRTD:loadcfg.obj
 0002:00001650       ___safe_se_handler_table   1004c650     <linker-defined>
 0002:00001654       ___rtc_iaa                 1004c654     MSVCRTD:_initsect_.obj
 0002:00001764       ___rtc_izz                 1004c764     MSVCRTD:_initsect_.obj
 0002:00001768       ___rtc_taa                 1004c768     MSVCRTD:_initsect_.obj
 0002:00001878       ___rtc_tzz                 1004c878     MSVCRTD:_initsect_.obj
 0002:00001944       __IMPORT_DESCRIPTOR_WS2_32 1004c944     ws2_32:WS2_32.dll
 0002:00001958       __IMPORT_DESCRIPTOR_WLDAP32 1004c958     wldap32:WLDAP32.dll
 0002:0000196c       __IMPORT_DESCRIPTOR_KERNEL32 1004c96c     kernel32:KERNEL32.dll
 0002:00001980       __IMPORT_DESCRIPTOR_MSVCR90D 1004c980     MSVCRTD:MSVCR90D.dll
 0002:00001994       __NULL_IMPORT_DESCRIPTOR   1004c994     ws2_32:WS2_32.dll
 0003:00000800       _Curl_cmalloc              1004e800     easy.obj
 0003:00000804       _Curl_cfree                1004e804     easy.obj
 0003:00000808       _Curl_crealloc             1004e808     easy.obj
 0003:0000080c       _Curl_cstrdup              1004e80c     easy.obj
 0003:00000810       _Curl_ccalloc              1004e810     easy.obj
 0003:00006e9c       ___security_cookie         10054e9c     MSVCRTD:gs_cookie.obj
 0003:00006ea0       ___security_cookie_complement 10054ea0     MSVCRTD:gs_cookie.obj
 0003:00006ea4       ?_RTC_ErrorLevels@@3PAHA   10054ea4     MSVCRTD:_error_.obj
 0003:00006ec4       ___native_dllmain_reason   10054ec4     MSVCRTD:natstart.obj
 0003:00006ec8       ___native_vcclrit_reason   10054ec8     MSVCRTD:natstart.obj
 0003:0000701c       ?wsprintffp@@3P6AHPADPBDZZA 1005501c     MSVCRTD:_error_.obj
 0003:00007360       ?__type_info_root_node@@3U__type_info_node@@A 10055360     MSVCRTD:tncleanup.obj
 0003:00007368       __adjust_fdiv              10055368     <common>
 0003:0000736c       ___native_startup_state    1005536c     <common>
 0003:00007370       ___native_startup_lock     10055370     <common>
 0003:00007374       ___onexitend               10055374     <common>
 0003:00007378       ___onexitbegin             10055378     <common>
 0003:0000737c       ___sse2_available          1005537c     <common>
 0003:00007380       ___dyn_tls_init_callback   10055380     <common>

 entry point at        0001:000488b0

 Static symbols

 0001:00000070       _destroy_async_data        10001070 f   asyn-thread.obj
 0001:00000130       _destroy_thread_sync_data  10001130 f   asyn-thread.obj
 0001:000002c0       _getaddrinfo_complete      100012c0 f   asyn-thread.obj
 0001:00000320       _conn_thread_sync_data     10001320 f   asyn-thread.obj
 0001:00000340       _resolver_error            10001340 f   asyn-thread.obj
 0001:00000740       _init_resolve_thread       10001740 f   asyn-thread.obj
 0001:000008f0       _init_thread_sync_data     100018f0 f   asyn-thread.obj
 0001:000009a0       _getaddrinfo_thread@4      100019a0 f   asyn-thread.obj
 0001:00000cc0       _decodeQuantum             10001cc0 f   base64.obj
 0001:000014d0       _getaddressinfo            100024d0 f   connect.obj
 0001:00001860       _waitconnect               10002860 f   connect.obj
 0001:00001910       _verifyconnect             10002910 f   connect.obj
 0001:00001a10       _trynextip                 10002a10 f   connect.obj
 0001:00001c40       _singleipconnect           10002c40 f   connect.obj
 0001:00002330       _bindlocal                 10003330 f   connect.obj
 0001:000028b0       _tcpnodelay                100038b0 f   connect.obj
 0001:00004060       _time                      10005060 f   cookie.obj
 0001:00004090       _freecookie                10005090 f   cookie.obj
 0001:000041b0       _tailmatch                 100051b0 f   cookie.obj
 0001:00004220       _strstore                  10005220 f   cookie.obj
 0001:000047a0       _cookie_sort               100057a0 f   cookie.obj
 0001:00004b70       _get_netscape_format       10005b70 f   cookie.obj
 0001:00004db0       _cookie_output             10005db0 f   cookie.obj
 0001:00005710       _loop                      10006710 f   curl_fnmatch.obj
 0001:00005c90       _setcharset                10006c90 f   curl_fnmatch.obj
 0001:000062f0       _parsekeyword              100072f0 f   curl_fnmatch.obj
 0001:000066d0       _time                      100076d0 f   curl_rand.obj
 0001:000067f0       _dict_do                   100077f0 f   dict.obj
 0001:00006cc0       _unescape_word             10007cc0 f   dict.obj
 0001:00006ee0       _win32_init                10007ee0 f   easy.obj
 0001:000070f0       _win32_cleanup             100080f0 f   easy.obj
 0001:00007ba0       _easy_connection           10008ba0 f   easy.obj
 0001:00007ef0       _Curl_isunreserved         10008ef0 f   escape.obj
 0001:000081a0       _file_connect              100091a0 f   file.obj
 0001:000083e0       _file_done                 100093e0 f   file.obj
 0001:00008460       _file_do                   10009460 f   file.obj
 0001:00008ad0       _file_range                10009ad0 f   file.obj
 0001:00008ce0       _file_upload               10009ce0 f   file.obj
 0001:00009300       _FormAdd                   1000a300 f   formdata.obj
 0001:00009d30       _AddHttpPost               1000ad30 f   formdata.obj
 0001:00009e60       _AddFormInfo               1000ae60 f   formdata.obj
 0001:00009ef0       _ContentTypeForFilename    1000aef0 f   formdata.obj
 0001:00009fe0       _memdup                    1000afe0 f   formdata.obj
 0001:0000ac30       _AddFormData               1000bc30 f   formdata.obj
 0001:0000ae00       _AddFormDataf              1000be00 f   formdata.obj
 0001:0000aec0       _strippath                 1000bec0 f   formdata.obj
 0001:0000af50       _Curl_basename             1000bf50 f   formdata.obj
 0001:0000b050       _readfromfile              1000c050 f   formdata.obj
 0001:0000b5e0       _ftp_readresp              1000c5e0 f   ftp.obj
 0001:0000b690       _ftp_getsock               1000c690 f   ftp.obj
 0001:0000b6c0       _ftp_multi_statemach       1000c6c0 f   ftp.obj
 0001:0000b710       _ftp_connect               1000c710 f   ftp.obj
 0001:0000b8f0       _ftp_endofresp             1000c8f0 f   ftp.obj
 0001:0000b9d0       _state                     1000c9d0 f   ftp.obj
 0001:0000ba00       _ftp_statemach_act         1000ca00 f   ftp.obj
 0001:0000c5e0       _ftp_state_user            1000d5e0 f   ftp.obj
 0001:0000c680       _ftp_state_pwd             1000d680 f   ftp.obj
 0001:0000c6d0       _ftp_state_use_pasv        1000d6d0 f   ftp.obj
 0001:0000c7a0       _ftp_state_post_cwd        1000d7a0 f   ftp.obj
 0001:0000c850       _ftp_state_post_mdtm       1000d850 f   ftp.obj
 0001:0000c920       _ftp_state_post_type       1000d920 f   ftp.obj
 0001:0000c9d0       _ftp_state_post_size       1000d9d0 f   ftp.obj
 0001:0000ca80       _ftp_state_post_rest       1000da80 f   ftp.obj
 0001:0000cc30       _ftp_state_use_port        1000dc30 f   ftp.obj
 0001:0000d860       _ftp_state_quote           1000e860 f   ftp.obj
 0001:0000dab0       _ftp_state_cwd             1000eab0 f   ftp.obj
 0001:0000dbf0       _ftp_state_ul_setup        1000ebf0 f   ftp.obj
 0001:0000df90       _ftp_state_pasv_resp       1000ef90 f   ftp.obj
 0001:0000e820       _ftp_state_port_resp       1000f820 f   ftp.obj
 0001:0000e900       _ftp_state_mdtm_resp       1000f900 f   ftp.obj
 0001:0000ede0       _time                      1000fde0 f   ftp.obj
 0001:0000ee10       _ftp_state_type_resp       1000fe10 f   ftp.obj
 0001:0000eef0       _ftp_state_post_listtype   1000fef0 f   ftp.obj
 0001:0000f120       _ftp_state_post_retrtype   10010120 f   ftp.obj
 0001:0000f160       _ftp_state_post_stortype   10010160 f   ftp.obj
 0001:0000f1a0       _ftp_state_post_retr_size  100101a0 f   ftp.obj
 0001:0000f4d0       _ftp_state_size_resp       100104d0 f   ftp.obj
 0001:0000f640       _ftp_state_rest_resp       10010640 f   ftp.obj
 0001:0000f780       _ftp_state_stor_resp       10010780 f   ftp.obj
 0001:0000f8d0       _AllowServerConnect        100108d0 f   ftp.obj
 0001:0000faa0       _ftp_state_get_resp        10010aa0 f   ftp.obj
 0001:0000fdf0       _ftp_state_user_resp       10010df0 f   ftp.obj
 0001:0000ffd0       _ftp_state_loggedin        10010fd0 f   ftp.obj
 0001:00010050       _ftp_state_acct_resp       10011050 f   ftp.obj
 0001:000100c0       _ftp_easy_statemach        100110c0 f   ftp.obj
 0001:00010130       _ftp_init                  10011130 f   ftp.obj
 0001:00010240       _isBadFtpString            10011240 f   ftp.obj
 0001:000102b0       _ftp_done                  100112b0 f   ftp.obj
 0001:00010970       _freedirs                  10011970 f   ftp.obj
 0001:00010a50       _ftp_sendquote             10011a50 f   ftp.obj
 0001:00010ba0       _ftp_need_type             10011ba0 f   ftp.obj
 0001:00010bd0       _ftp_nb_type               10011bd0 f   ftp.obj
 0001:00010c90       _ftp_pasv_verbose          10011c90 f   ftp.obj
 0001:00010d40       _ftp_nextconnect           10011d40 f   ftp.obj
 0001:00010eb0       _ftp_range                 10011eb0 f   ftp.obj
 0001:000110b0       _ftp_do                    100120b0 f   ftp.obj
 0001:00011180       _wc_statemach              10012180 f   ftp.obj
 0001:00011580       _init_wc_data              10012580 f   ftp.obj
 0001:00011800       _wc_data_dtor              10012800 f   ftp.obj
 0001:00011a20       _ftp_disconnect            10012a20 f   ftp.obj
 0001:00011b40       _ftp_quit                  10012b40 f   ftp.obj
 0001:00011bc0       _ftp_parse_url_path        10012bc0 f   ftp.obj
 0001:000121f0       _ftp_doing                 100131f0 f   ftp.obj
 0001:00012250       _ftp_dophase_done          10013250 f   ftp.obj
 0001:00012330       _ftp_regular_transfer      10013330 f   ftp.obj
 0001:00012470       _ftp_perform               10013470 f   ftp.obj
 0001:00012550       _ftp_setup_connection      10013550 f   ftp.obj
 0001:00013f30       _ftp_pl_get_permission     10014f30 f   ftplistparser.obj
 0001:000141b0       _PL_ERROR                  100151b0 f   ftplistparser.obj
 0001:00014220       _ftp_pl_gettime            10015220 f   ftplistparser.obj
 0001:00014230       _ftp_pl_insert_finfo       10015230 f   ftplistparser.obj
 0001:00014460       _GetEnv                    10015460 f   getenv.obj
 0001:00014d40       _gopher_do                 10015d40 f   gopher.obj
 0001:00015150       _hash_element_dtor         10016150 f   hash.obj
 0001:000153d0       _mk_hash_element           100163d0 f   hash.obj
 0001:00016120       _time                      10017120 f   hostip.obj
 0001:00016150       _hostcache_prune           10017150 f   hostip.obj
 0001:000161d0       _hostcache_timestamp_remove 100171d0 f   hostip.obj
 0001:000163b0       _create_hostcache_id       100173b0 f   hostip.obj
 0001:00016630       _remove_entry_if_stale     10017630 f   hostip.obj
 0001:000167f0       _freednsentry              100177f0 f   hostip.obj
 0001:00016bc0       _pickoneauth               10017bc0 f   http.obj
 0001:00016c70       _http_perhapsrewind        10017c70 f   http.obj
 0001:000170a0       _output_auth_headers       100180a0 f   http.obj
 0001:00017270       _http_output_basic         10018270 f   http.obj
 0001:00017610       _http_should_fail          10018610 f   http.obj
 0001:00017a50       _readmoredata              10018a50 f   http.obj
 0001:000180b0       _http_getsock_do           100190b0 f   http.obj
 0001:0001a7a0       _copy_header_value         1001b7a0 f   http.obj
 0001:0001a930       _use_http_1_1              1001b930 f   http.obj
 0001:0001a990       _expect100                 1001b990 f   http.obj
 0001:0001bff0       _time                      1001cff0 f   http.obj
 0001:0001c020       _checkhttpprefix           1001d020 f   http.obj
 0001:0001c0d0       _checkprotoprefix          1001d0d0 f   http.obj
 0001:0001c120       _checkrtspprefix           1001d120 f   http.obj
 0001:0001c160       _header_append             1001d160 f   http.obj
 0001:0001c970       _Curl_isxdigit             1001d970 f   http_chunks.obj
 0001:0001cf30       _get_pair                  1001df30 f   http_digest.obj
 0001:0001da80       _md5_to_ascii              1001ea80 f   http_digest.obj
 0001:0001dae0       _digest_cleanup_one        1001eae0 f   http_digest.obj
 0001:0001e8f0       _imap_getsock              1001f8f0 f   imap.obj
 0001:0001e920       _imap_multi_statemach      1001f920 f   imap.obj
 0001:0001e9a0       _imap_connect              1001f9a0 f   imap.obj
 0001:0001eb90       _imap_endofresp            1001fb90 f   imap.obj
 0001:0001ec70       _state                     1001fc70 f   imap.obj
 0001:0001eca0       _imap_statemach_act        1001fca0 f   imap.obj
 0001:0001eef0       _imapsendf                 1001fef0 f   imap.obj
 0001:0001ef60       _getcmdid                  1001ff60 f   imap.obj
 0001:0001efa0       _imap_state_login          1001ffa0 f   imap.obj
 0001:0001f060       _imap_state_starttls_resp  10020060 f   imap.obj
 0001:0001f110       _imap_state_upgrade_tls    10020110 f   imap.obj
 0001:0001f180       _imap_state_login_resp     10020180 f   imap.obj
 0001:0001f1f0       _imap_state_fetch_resp     100201f0 f   imap.obj
 0001:0001f470       _imap_state_select_resp    10020470 f   imap.obj
 0001:0001f4e0       _imap_fetch                100204e0 f   imap.obj
 0001:0001f550       _imap_easy_statemach       10020550 f   imap.obj
 0001:0001f5c0       _imap_init                 100205c0 f   imap.obj
 0001:0001f670       _imap_done                 10020670 f   imap.obj
 0001:0001f6e0       _imap_do                   100206e0 f   imap.obj
 0001:0001f760       _imap_disconnect           10020760 f   imap.obj
 0001:0001f7e0       _imap_logout               100207e0 f   imap.obj
 0001:0001f870       _imap_parse_url_path       10020870 f   imap.obj
 0001:0001f930       _imap_doing                10020930 f   imap.obj
 0001:0001f980       _imap_dophase_done         10020980 f   imap.obj
 0001:0001f9d0       _imap_regular_transfer     100209d0 f   imap.obj
 0001:0001fae0       _imap_perform              10020ae0 f   imap.obj
 0001:0001fbb0       _imap_select               10020bb0 f   imap.obj
 0001:0001fc50       _imap_setup_connection     10020c50 f   imap.obj
 0001:0001fd50       _inet_ntop4                10020d50 f   inet_ntop.obj
 0001:0001fec0       _inet_pton4                10020ec0 f   inet_pton.obj
 0001:00020040       _Curl_ldap                 10021040 f   ldap.obj
 0001:00020950       __ldap_url_parse           10021950 f   ldap.obj
 0001:000209e0       __ldap_url_parse2          100219e0 f   ldap.obj
 0001:00020cf0       _str2scope                 10021cf0 f   ldap.obj
 0001:00020d90       _split_str                 10021d90 f   ldap.obj
 0001:00020ec0       _unescape_elements         10021ec0 f   ldap.obj
 0001:00021050       __ldap_free_urldesc        10022050 f   ldap.obj
 0001:000211f0       _llist_init                100221f0 f   llist.obj
 0001:00021590       _MD5_Init                  10022590 f   md5.obj
 0001:000215d0       _MD5_Update                100225d0 f   md5.obj
 0001:000216f0       _MD5_Final                 100226f0 f   md5.obj
 0001:00021800       _MD5Transform              10022800 f   md5.obj
 0001:00022690       _Encode                    10023690 f   md5.obj
 0001:00022740       _Decode                    10023740 f   md5.obj
 0001:00022920       _dprintf_formatf           10023920 f   mprintf.obj
 0001:00023cd0       _dprintf_DollarString      10024cd0 f   mprintf.obj
 0001:00023d80       _dprintf_Pass1             10024d80 f   mprintf.obj
 0001:00024730       _dprintf_IsQualifierNoDollar 10025730 f   mprintf.obj
 0001:000247e0       _addbyter                  100257e0 f   mprintf.obj
 0001:000249a0       _alloc_addbyter            100259a0 f   mprintf.obj
 0001:00024c00       _storebuffer               10025c00 f   mprintf.obj
 0001:00024ee0       _sh_init                   10025ee0 f   multi.obj
 0001:00024f10       _sh_freeentry              10025f10 f   multi.obj
 0001:00024f50       _fd_key_compare            10025f50 f   multi.obj
 0001:00024f70       _hash_fd                   10025f70 f   multi.obj
 0001:00024f90       _multi_freeamsg            10025f90 f   multi.obj
 0001:00025310       _multistate                10026310 f   multi.obj
 0001:00025920       _multi_getsock             10026920 f   multi.obj
 0001:00025a70       _waitconnect_getsock       10026a70 f   multi.obj
 0001:00025ab0       _domore_getsock            10026ab0 f   multi.obj
 0001:00025ca0       _multi_runsingle           10026ca0 f   multi.obj
 0001:000270c0       _multi_addmsg              100280c0 f   multi.obj
 0001:000273e0       _singlesocket              100283e0 f   multi.obj
 0001:000277d0       _sh_addentry               100287d0 f   multi.obj
 0001:00027880       _sh_delentry               10028880 f   multi.obj
 0001:000278d0       _add_next_timeout          100288d0 f   multi.obj
 0001:00027b70       _multi_socket              10028b70 f   multi.obj
 0001:00027fd0       _multi_timeout             10028fd0 f   multi.obj
 0001:00028120       _update_timer              10029120 f   multi.obj
 0001:00028320       _addHandleToSendOrPendPipeline 10029320 f   multi.obj
 0001:00028420       _checkPendPipeline         10029420 f   multi.obj
 0001:00028580       _moveHandleFromSendToRecvPipeline 10029580 f   multi.obj
 0001:00028630       _moveHandleFromRecvToDonePipeline 10029630 f   multi.obj
 0001:000286b0       _isHandleAtHead            100296b0 f   multi.obj
 0001:000286e0       _multi_freetimeout         100296e0 f   multi.obj
 0001:00028970       _multi_addtimeout          10029970 f   multi.obj
 0001:00028af0       _multi_connc_remove_handle 10029af0 f   multi.obj
 0001:00028bc0       _add_closure               10029bc0 f   multi.obj
 0001:00029250       _parsedate                 1002a250 f   parsedate.obj
 0001:000298c0       _checkday                  1002a8c0 f   parsedate.obj
 0001:00029960       _checkmonth                1002a960 f   parsedate.obj
 0001:000299f0       _checktz                   1002a9f0 f   parsedate.obj
 0001:00029a90       _skip                      1002aa90 f   parsedate.obj
 0001:00029ae0       _my_timegm                 1002aae0 f   parsedate.obj
 0001:00029cc0       _gmtime                    1002acc0 f   parsedate.obj
 0001:0002a920       _pop3_getsock              1002b920 f   pop3.obj
 0001:0002a950       _pop3_multi_statemach      1002b950 f   pop3.obj
 0001:0002a9a0       _pop3_connect              1002b9a0 f   pop3.obj
 0001:0002ab80       _pop3_endofresp            1002bb80 f   pop3.obj
 0001:0002ac10       _state                     1002bc10 f   pop3.obj
 0001:0002ac40       _pop3_statemach_act        1002bc40 f   pop3.obj
 0001:0002aea0       _pop3_state_user           1002bea0 f   pop3.obj
 0001:0002af30       _pop3_state_starttls_resp  1002bf30 f   pop3.obj
 0001:0002afd0       _pop3_state_user_resp      1002bfd0 f   pop3.obj
 0001:0002b090       _pop3_state_pass_resp      1002c090 f   pop3.obj
 0001:0002b100       _pop3_state_retr_resp      1002c100 f   pop3.obj
 0001:0002b200       _pop3_state_list_resp      1002c200 f   pop3.obj
 0001:0002b300       _pop3_state_list_single_resp 1002c300 f   pop3.obj
 0001:0002b370       _pop3_easy_statemach       1002c370 f   pop3.obj
 0001:0002b3e0       _pop3_init                 1002c3e0 f   pop3.obj
 0001:0002b490       _pop3_done                 1002c490 f   pop3.obj
 0001:0002b540       _pop3_do                   1002c540 f   pop3.obj
 0001:0002b5c0       _pop3_disconnect           1002c5c0 f   pop3.obj
 0001:0002b610       _pop3_quit                 1002c610 f   pop3.obj
 0001:0002b680       _pop3_parse_url_path       1002c680 f   pop3.obj
 0001:0002b700       _pop3_doing                1002c700 f   pop3.obj
 0001:0002b750       _pop3_dophase_done         1002c750 f   pop3.obj
 0001:0002b7a0       _pop3_regular_transfer     1002c7a0 f   pop3.obj
 0001:0002b8b0       _pop3_perform              1002c8b0 f   pop3.obj
 0001:0002b9d0       _pop3_retr                 1002c9d0 f   pop3.obj
 0001:0002ba40       _pop3_list                 1002ca40 f   pop3.obj
 0001:0002bb00       _pop3_setup_connection     1002cb00 f   pop3.obj
 0001:0002ce20       _time2str                  1002de20 f   progress.obj
 0001:0002cfe0       _max5data                  1002dfe0 f   progress.obj
 0001:0002d4d0       _rtsp_getsock_do           1002e4d0 f   rtsp.obj
 0001:0002d590       _rtsp_connect              1002e590 f   rtsp.obj
 0001:0002d610       _rtsp_disconnect           1002e610 f   rtsp.obj
 0001:0002d650       _rtsp_done                 1002e650 f   rtsp.obj
 0001:0002d740       _rtsp_do                   1002e740 f   rtsp.obj
 0001:0002e2e0       _rtsp_rtp_readwrite        1002f2e0 f   rtsp.obj
 0001:0002e670       _rtp_client_write          1002f670 f   rtsp.obj
 0001:0002fff0       _pausewrite                10030ff0 f   sendf.obj
 0001:00030550       _showit                    10031550 f   sendf.obj
 0001:00030b80       _slist_get_last            10031b80 f   slist.obj
 0001:00030cb0       _smtp_getsock              10031cb0 f   smtp.obj
 0001:00030ce0       _smtp_multi_statemach      10031ce0 f   smtp.obj
 0001:00030d60       _smtp_connect              10031d60 f   smtp.obj
 0001:00031040       _smtp_endofresp            10032040 f   smtp.obj
 0001:00031370       _state                     10032370 f   smtp.obj
 0001:000313a0       _smtp_statemach_act        100323a0 f   smtp.obj
 0001:000316c0       _smtp_state_ehlo           100326c0 f   smtp.obj
 0001:00031730       _smtp_state_starttls_resp  10032730 f   smtp.obj
 0001:00031800       _smtp_authenticate         10032800 f   smtp.obj
 0001:00031a10       _smtp_auth_plain_data      10032a10 f   smtp.obj
 0001:00031ba0       _smtp_auth_login_user      10032ba0 f   smtp.obj
 0001:00031c40       _smtp_state_upgrade_tls    10032c40 f   smtp.obj
 0001:00031ca0       _smtp_state_ehlo_resp      10032ca0 f   smtp.obj
 0001:00031d90       _smtp_state_helo           10032d90 f   smtp.obj
 0001:00031e00       _smtp_state_helo_resp      10032e00 f   smtp.obj
 0001:00031e70       _smtp_state_authplain_resp 10032e70 f   smtp.obj
 0001:00031fa0       _smtp_state_authlogin_resp 10032fa0 f   smtp.obj
 0001:000320d0       _smtp_state_authpasswd_resp 100330d0 f   smtp.obj
 0001:00032250       _smtp_state_authcram_resp  10033250 f   smtp.obj
 0001:000325f0       _smtp_state_auth_resp      100335f0 f   smtp.obj
 0001:00032660       _smtp_state_mail_resp      10033660 f   smtp.obj
 0001:00032710       _smtp_rcpt_to              10033710 f   smtp.obj
 0001:000327c0       _smtp_state_rcpt_resp      100337c0 f   smtp.obj
 0001:000328c0       _smtp_state_data_resp      100338c0 f   smtp.obj
 0001:00032950       _smtp_state_postdata_resp  10033950 f   smtp.obj
 0001:000329a0       _smtp_easy_statemach       100339a0 f   smtp.obj
 0001:00032a10       _smtp_init                 10033a10 f   smtp.obj
 0001:00032ac0       _smtp_done                 10033ac0 f   smtp.obj
 0001:00032be0       _smtp_do                   10033be0 f   smtp.obj
 0001:00032c50       _smtp_disconnect           10033c50 f   smtp.obj
 0001:00032cd0       _smtp_quit                 10033cd0 f   smtp.obj
 0001:00032d40       _smtp_doing                10033d40 f   smtp.obj
 0001:00032d90       _smtp_dophase_done         10033d90 f   smtp.obj
 0001:00032e20       _smtp_regular_transfer     10033e20 f   smtp.obj
 0001:00032f30       _smtp_perform              10033f30 f   smtp.obj
 0001:00033000       _smtp_mail                 10034000 f   smtp.obj
 0001:000330b0       _smtp_setup_connection     100340b0 f   smtp.obj
 0001:00035150       _safe_strequal             10036150 f   sslgen.obj
 0001:00035cb0       _get_winsock_error         10036cb0 f   strerror.obj
 0001:000361a0       _telnet_done               100371a0 f   telnet.obj
 0001:00036210       _telnet_do                 10037210 f   telnet.obj
 0001:00036a80       _check_wsock2              10037a80 f   telnet.obj
 0001:00036bb0       _init_telnet               10037bb0 f   telnet.obj
 0001:00036c60       _negotiate                 10037c60 f   telnet.obj
 0001:00036cf0       _set_remote_option         10037cf0 f   telnet.obj
 0001:00036e90       _send_negotiation          10037e90 f   telnet.obj
 0001:00036f70       _printoption               10037f70 f   telnet.obj
 0001:00037100       _set_local_option          10038100 f   telnet.obj
 0001:00037290       _check_telnet_options      10038290 f   telnet.obj
 0001:000375a0       _telrcv                    100385a0 f   telnet.obj
 0001:00037bf0       _rec_will                  10038bf0 f   telnet.obj
 0001:00037d70       _rec_wont                  10038d70 f   telnet.obj
 0001:00037ec0       _rec_do                    10038ec0 f   telnet.obj
 0001:00038020       _rec_dont                  10039020 f   telnet.obj
 0001:00038160       _suboption                 10039160 f   telnet.obj
 0001:00038660       _printsub                  10039660 f   telnet.obj
 0001:00038a50       _send_telnet_data          10039a50 f   telnet.obj
 0001:00038bd0       _tftp_disconnect           10039bd0 f   tftp.obj
 0001:00038c70       _tftp_connect              10039c70 f   tftp.obj
 0001:00038ec0       _tftp_set_timeouts         10039ec0 f   tftp.obj
 0001:00039100       _time                      1003a100 f   tftp.obj
 0001:00039130       _tftp_done                 1003a130 f   tftp.obj
 0001:00039190       _tftp_translate_code       1003a190 f   tftp.obj
 0001:000392e0       _tftp_getsock              1003a2e0 f   tftp.obj
 0001:00039310       _tftp_multi_statemach      1003a310 f   tftp.obj
 0001:00039500       _tftp_state_machine        1003a500 f   tftp.obj
 0001:000395f0       _tftp_send_first           1003a5f0 f   tftp.obj
 0001:00039ab0       _setpacketevent            1003aab0 f   tftp.obj
 0001:00039ae0       _tftp_option_add           1003aae0 f   tftp.obj
 0001:00039b30       _tftp_connect_for_tx       1003ab30 f   tftp.obj
 0001:00039bb0       _tftp_connect_for_rx       1003abb0 f   tftp.obj
 0001:00039c30       _tftp_rx                   1003ac30 f   tftp.obj
 0001:0003a070       _setpacketblock            1003b070 f   tftp.obj
 0001:0003a0a0       _getrpacketblock           1003b0a0 f   tftp.obj
 0001:0003a0c0       _tftp_tx                   1003b0c0 f   tftp.obj
 0001:0003a590       _tftp_receive_packet       1003b590 f   tftp.obj
 0001:0003a950       _getrpacketevent           1003b950 f   tftp.obj
 0001:0003a970       _tftp_parse_option_ack     1003b970 f   tftp.obj
 0001:0003ac40       _tftp_option_get           1003bc40 f   tftp.obj
 0001:0003ace0       _Curl_strnlen              1003bce0 f   tftp.obj
 0001:0003ad40       _tftp_state_timeout        1003bd40 f   tftp.obj
 0001:0003ae60       _tftp_doing                1003be60 f   tftp.obj
 0001:0003aea0       _tftp_do                   1003bea0 f   tftp.obj
 0001:0003af40       _tftp_perform              1003bf40 f   tftp.obj
 0001:0003aff0       _tftp_easy_statemach       1003bff0 f   tftp.obj
 0001:0003b450       _tftp_setup_connection     1003c450 f   tftp.obj
 0001:0003bff0       _readwrite_data            1003cff0 f   transfer.obj
 0001:0003cb10       _data_pending              1003db10 f   transfer.obj
 0001:0003cb50       _read_rewind               1003db50 f   transfer.obj
 0001:0003cb80       _readwrite_upload          1003db80 f   transfer.obj
 0001:0003d520       _loadhostpairs             1003e520 f   transfer.obj
 0001:0003db10       _strlen_url                1003eb10 f   transfer.obj
 0001:0003dba0       _strcpy_url                1003eba0 f   transfer.obj
 0001:0003dc70       _is_absolute_url           1003ec70 f   transfer.obj
 0001:0003dd20       _concat_url                1003ed20 f   transfer.obj
 0001:0003e3c0       _Curl_do_perform           1003f3c0 f   transfer.obj
 0001:0003e780       _Transfer                  1003f780 f   transfer.obj
 0001:0003ec50       _connect_host              1003fc50 f   transfer.obj
 0001:0003f030       _setstropt                 10040030 f   url.obj
 0001:0003f3f0       _close_connections         100403f0 f   url.obj
 0001:00042270       _setstropt_userpwd         10043270 f   url.obj
 0001:000423e0       _conn_free                 100433e0 f   url.obj
 0001:00042c50       _gethandleathead           10043c50 f   url.obj
 0001:00042c80       _signalPipeClose           10043c80 f   url.obj
 0001:00042d10       _ConnectionKillOne         10043d10 f   url.obj
 0001:000434d0       _ConnectPlease             100444d0 f   url.obj
 0001:000436e0       _create_conn               100446e0 f   url.obj
 0001:00043fc0       _ConnectionExists          10044fc0 f   url.obj
 0001:00044590       _SocketIsDead              10045590 f   url.obj
 0001:000445e0       _IsPipeliningPossible      100455e0 f   url.obj
 0001:00044650       _ConnectionStore           10045650 f   url.obj
 0001:00044740       _allocate_conn             10045740 f   url.obj
 0001:00044b60       _llist_dtor                10045b60 f   url.obj
 0001:00044b70       _parseurlandfillconn       10045b70 f   url.obj
 0001:000450e0       _findprotocol              100460e0 f   url.obj
 0001:000451b0       _setup_range               100461b0 f   url.obj
 0001:00045310       _setup_connection_internals 10046310 f   url.obj
 0001:000453c0       _check_noproxy             100463c0 f   url.obj
 0001:00045590       _detect_proxy              10046590 f   url.obj
 0001:000457c0       _parse_proxy               100467c0 f   url.obj
 0001:00045ce0       _parse_proxy_auth          10046ce0 f   url.obj
 0001:00045e90       _parse_url_userpass        10046e90 f   url.obj
 0001:00046060       _parse_remote_port         10047060 f   url.obj
 0001:000463f0       _override_userpass         100473f0 f   url.obj
 0001:000464f0       _set_userpass              100474f0 f   url.obj
 0001:00046600       _resolve_server            10047600 f   url.obj
 0001:00046820       _fix_hostname              10047820 f   url.obj
 0001:00046860       _is_ASCII_name             10047860 f   url.obj
 0001:000468c0       _reuse_conn                100478c0 f   url.obj
 0001:00046eb0       _ConnectionDone            10047eb0 f   url.obj
 0001:00046fd0       _do_init                   10047fd0 f   url.obj
 0001:00047130       _do_complete               10048130 f   url.obj
 0001:00047900       ?DebuggerProbe@@YAHK@Z     10048900 f   MSVCRTD:_error_.obj
 0001:000479f0       ?failwithmessage@@YAXPAXHHPBD@Z 100489f0 f   MSVCRTD:_error_.obj
 0001:00047c00       ?DebuggerRuntime@@YAHKHPAXPB_W@Z 10048c00 f   MSVCRTD:_error_.obj
 0001:00047ee0       ?_getMemBlockDataString@@YAXPAD00I@Z 10048ee0 f   MSVCRTD:_error_.obj
 0001:00048510       _pre_c_init                10049510 f   MSVCRTD:crtdll.obj
 0001:000488e0       ___DllMainCRTStartup       100498e0 f   MSVCRTD:crtdll.obj
 0001:00048f70       ?GetPdbDll@@YAPAUHINSTANCE__@@XZ 10049f70 f   MSVCRTD:_pdblkup_.obj
 0001:000491d0       _has_osfxsr_set            1004a1d0 f   MSVCRTD:cpu_disp.obj
